Component: ARM Compiler 5.06 update 7 (build 960) Tool: armlink [4d3601]

==============================================================================

Section Cross References

    startup_stm32f103xb.o(RESET) refers to startup_stm32f103xb.o(STACK) for __initial_sp
    startup_stm32f103xb.o(RESET) refers to startup_stm32f103xb.o(.text) for Reset_Handler
    startup_stm32f103xb.o(RESET) refers to stm32f1xx_it.o(i.NMI_Handler) for NMI_Handler
    startup_stm32f103xb.o(RESET) refers to stm32f1xx_it.o(i.HardFault_Handler) for HardFault_Handler
    startup_stm32f103xb.o(RESET) refers to stm32f1xx_it.o(i.MemManage_Handler) for MemManage_Handler
    startup_stm32f103xb.o(RESET) refers to stm32f1xx_it.o(i.BusFault_Handler) for BusFault_Handler
    startup_stm32f103xb.o(RESET) refers to stm32f1xx_it.o(i.UsageFault_Handler) for UsageFault_Handler
    startup_stm32f103xb.o(RESET) refers to stm32f1xx_it.o(i.SVC_Handler) for SVC_Handler
    startup_stm32f103xb.o(RESET) refers to stm32f1xx_it.o(i.DebugMon_Handler) for DebugMon_Handler
    startup_stm32f103xb.o(RESET) refers to stm32f1xx_it.o(i.PendSV_Handler) for PendSV_Handler
    startup_stm32f103xb.o(RESET) refers to stm32f1xx_it.o(i.SysTick_Handler) for SysTick_Handler
    startup_stm32f103xb.o(.text) refers to system_stm32f1xx.o(i.SystemInit) for SystemInit
    startup_stm32f103xb.o(.text) refers to entry.o(.ARM.Collect$$$$00000000) for __main
    sgp30.o(i.sgp30_init) refers to stm32f1xx_hal_i2c.o(i.HAL_I2C_Master_Transmit) for HAL_I2C_Master_Transmit
    sgp30.o(i.sgp30_init) refers to stm32f1xx_hal.o(i.HAL_Delay) for HAL_Delay
    sgp30.o(i.sgp30_init) refers to i2c.o(.bss) for hi2c2
    sgp30.o(i.sgp30_read) refers to stm32f1xx_hal_i2c.o(i.HAL_I2C_Master_Transmit) for HAL_I2C_Master_Transmit
    sgp30.o(i.sgp30_read) refers to stm32f1xx_hal.o(i.HAL_Delay) for HAL_Delay
    sgp30.o(i.sgp30_read) refers to stm32f1xx_hal_i2c.o(i.HAL_I2C_Master_Receive) for HAL_I2C_Master_Receive
    sgp30.o(i.sgp30_read) refers to sgp30.o(i.sgp30_crc) for sgp30_crc
    sgp30.o(i.sgp30_read) refers to i2c.o(.bss) for hi2c2
    dht11.o(i.DHT11_REC_Data) refers to dht11.o(i.DHT11_Start) for DHT11_Start
    dht11.o(i.DHT11_REC_Data) refers to stm32f1xx_hal_gpio.o(i.HAL_GPIO_ReadPin) for HAL_GPIO_ReadPin
    dht11.o(i.DHT11_REC_Data) refers to dht11.o(i.DHT11_Rec_Byte) for DHT11_Rec_Byte
    dht11.o(i.DHT11_REC_Data) refers to dht11.o(i.DHT_GPIO_Init_OUT) for DHT_GPIO_Init_OUT
    dht11.o(i.DHT11_REC_Data) refers to stm32f1xx_hal_gpio.o(i.HAL_GPIO_WritePin) for HAL_GPIO_WritePin
    dht11.o(i.DHT11_REC_Data) refers to dht11.o(i.HAL_Delay_us) for HAL_Delay_us
    dht11.o(i.DHT11_REC_Data) refers to printf3.o(i.__0printf$3) for __2printf
    dht11.o(i.DHT11_Rec_Byte) refers to stm32f1xx_hal_gpio.o(i.HAL_GPIO_ReadPin) for HAL_GPIO_ReadPin
    dht11.o(i.DHT11_Rec_Byte) refers to dht11.o(i.HAL_Delay_us) for HAL_Delay_us
    dht11.o(i.DHT11_Start) refers to dht11.o(i.DHT_GPIO_Init_OUT) for DHT_GPIO_Init_OUT
    dht11.o(i.DHT11_Start) refers to stm32f1xx_hal_gpio.o(i.HAL_GPIO_WritePin) for HAL_GPIO_WritePin
    dht11.o(i.DHT11_Start) refers to stm32f1xx_hal.o(i.HAL_Delay) for HAL_Delay
    dht11.o(i.DHT11_Start) refers to dht11.o(i.HAL_Delay_us) for HAL_Delay_us
    dht11.o(i.DHT11_Start) refers to dht11.o(i.DHT_GPIO_Init_IN) for DHT_GPIO_Init_IN
    dht11.o(i.DHT_GPIO_Init_IN) refers to stm32f1xx_hal_gpio.o(i.HAL_GPIO_Init) for HAL_GPIO_Init
    dht11.o(i.DHT_GPIO_Init_OUT) refers to stm32f1xx_hal_gpio.o(i.HAL_GPIO_WritePin) for HAL_GPIO_WritePin
    dht11.o(i.DHT_GPIO_Init_OUT) refers to stm32f1xx_hal_gpio.o(i.HAL_GPIO_Init) for HAL_GPIO_Init
    dht11.o(i.HAL_Delay_us) refers to tim.o(.bss) for htim2
    epaper.o(i.EPD_2in9bc_aqi) refers to printf3.o(i.__0printf$3) for __2printf
    epaper.o(i.EPD_2in9bc_aqi) refers to epd_2in9bc.o(i.EPD_2IN9BC_Init) for EPD_2IN9BC_Init
    epaper.o(i.EPD_2in9bc_aqi) refers to stm32f1xx_hal.o(i.HAL_Delay) for HAL_Delay
    epaper.o(i.EPD_2in9bc_aqi) refers to memseta.o(.text) for __aeabi_memclr4
    epaper.o(i.EPD_2in9bc_aqi) refers to gui_paint.o(i.Paint_NewImage) for Paint_NewImage
    epaper.o(i.EPD_2in9bc_aqi) refers to gui_paint.o(i.Paint_SelectImage) for Paint_SelectImage
    epaper.o(i.EPD_2in9bc_aqi) refers to gui_paint.o(i.Paint_Clear) for Paint_Clear
    epaper.o(i.EPD_2in9bc_aqi) refers to gui_paint.o(i.Paint_DrawBitMap) for Paint_DrawBitMap
    epaper.o(i.EPD_2in9bc_aqi) refers to printf3.o(i.__0sprintf$3) for __2sprintf
    epaper.o(i.EPD_2in9bc_aqi) refers to gui_paint.o(i.Paint_DrawString_EN) for Paint_DrawString_EN
    epaper.o(i.EPD_2in9bc_aqi) refers to gui_paint.o(i.Paint_DrawNum) for Paint_DrawNum
    epaper.o(i.EPD_2in9bc_aqi) refers to epaper.o(i.EPD_wave_genPointDiff_Y) for EPD_wave_genPointDiff_Y
    epaper.o(i.EPD_2in9bc_aqi) refers to epaper.o(i.EPD_wave_refreshPoints) for EPD_wave_refreshPoints
    epaper.o(i.EPD_2in9bc_aqi) refers to epaper.o(i.EPD_wave_paint_dot) for EPD_wave_paint_dot
[...]
    Removing u8g2_setup.o(.constdata), (12 bytes).
    Removing u8g2_setup.o(.data), (8 bytes).
    Removing u8log.o(i.u8log_Init), (34 bytes).
    Removing u8log.o(i.u8log_SetCallback), (6 bytes).
    Removing u8log.o(i.u8log_SetLineHeightOffset), (4 bytes).
    Removing u8log.o(i.u8log_SetRedrawMode), (4 bytes).
    Removing u8log.o(i.u8log_WriteChar), (34 bytes).
    Removing u8log.o(i.u8log_WriteDec16), (26 bytes).
    Removing u8log.o(i.u8log_WriteDec8), (26 bytes).
    Removing u8log.o(i.u8log_WriteHex16), (24 bytes).
    Removing u8log.o(i.u8log_WriteHex32), (24 bytes).
    Removing u8log.o(i.u8log_WriteHex8), (24 bytes).
    Removing u8log.o(i.u8log_WriteHexHalfByte), (18 bytes).
    Removing u8log.o(i.u8log_WriteString), (24 bytes).
    Removing u8log.o(i.u8log_clear_screen), (26 bytes).
    Removing u8log.o(i.u8log_cursor_on_screen), (94 bytes).
    Removing u8log.o(i.u8log_write_char), (122 bytes).
    Removing u8log_u8g2.o(i.u8g2_DrawLog), (98 bytes).
    Removing u8log_u8g2.o(i.u8log_u8g2_cb), (52 bytes).
    Removing u8log_u8x8.o(i.u8log_u8x8_cb), (48 bytes).
    Removing u8log_u8x8.o(i.u8x8_DrawLog), (48 bytes).
    Removing u8log_u8x8.o(i.u8x8_DrawLogLine), (54 bytes).
    Removing u8x8_8x8.o(i.u8x8_Draw1x2Glyph), (146 bytes).
    Removing u8x8_8x8.o(i.u8x8_Draw1x2String), (16 bytes).
    Removing u8x8_8x8.o(i.u8x8_Draw1x2UTF8), (16 bytes).
    Removing u8x8_8x8.o(i.u8x8_Draw2x2Glyph), (74 bytes).
    Removing u8x8_8x8.o(i.u8x8_Draw2x2String), (16 bytes).
    Removing u8x8_8x8.o(i.u8x8_Draw2x2UTF8), (16 bytes).
    Removing u8x8_8x8.o(i.u8x8_DrawGlyph), (90 bytes).
    Removing u8x8_8x8.o(i.u8x8_DrawString), (16 bytes).
    Removing u8x8_8x8.o(i.u8x8_DrawUTF8), (16 bytes).
    Removing u8x8_8x8.o(i.u8x8_GetUTF8Len), (50 bytes).
    Removing u8x8_8x8.o(i.u8x8_SetFont), (4 bytes).
    Removing u8x8_8x8.o(i.u8x8_ascii_next), (14 bytes).
    Removing u8x8_8x8.o(i.u8x8_draw_1x2_string), (80 bytes).
    Removing u8x8_8x8.o(i.u8x8_draw_2x2_string), (84 bytes).
    Removing u8x8_8x8.o(i.u8x8_draw_2x2_subglyph), (152 bytes).
    Removing u8x8_8x8.o(i.u8x8_draw_string), (80 bytes).
    Removing u8x8_8x8.o(i.u8x8_get_glyph_data), (104 bytes).
    Removing u8x8_8x8.o(i.u8x8_upscale_buf), (26 bytes).
    Removing u8x8_8x8.o(i.u8x8_upscale_byte), (36 bytes).
    Removing u8x8_8x8.o(i.u8x8_utf8_init), (8 bytes).
    Removing u8x8_8x8.o(i.u8x8_utf8_next), (144 bytes).
    Removing u8x8_byte.o(i.i2c_clear_scl), (8 bytes).
    Removing u8x8_byte.o(i.i2c_clear_sda), (8 bytes).
    Removing u8x8_byte.o(i.i2c_delay), (10 bytes).
    Removing u8x8_byte.o(i.i2c_read_scl_and_delay), (22 bytes).
    Removing u8x8_byte.o(i.i2c_read_sda), (8 bytes).
    Removing u8x8_byte.o(i.i2c_write_bit), (38 bytes).
    Removing u8x8_byte.o(i.i2c_write_byte), (124 bytes).
    Removing u8x8_byte.o(i.u8x8_byte_3wire_sw_spi), (256 bytes).
    Removing u8x8_byte.o(i.u8x8_byte_4wire_sw_spi), (234 bytes).
    Removing u8x8_byte.o(i.u8x8_byte_8bit_6800mode), (216 bytes).
    Removing u8x8_byte.o(i.u8x8_byte_8bit_8080mode), (216 bytes).
    Removing u8x8_byte.o(i.u8x8_byte_EndTransfer), (16 bytes).
    Removing u8x8_byte.o(i.u8x8_byte_SendByte), (14 bytes).
    Removing u8x8_byte.o(i.u8x8_byte_SendBytes), (16 bytes).
    Removing u8x8_byte.o(i.u8x8_byte_SetDC), (16 bytes).
    Removing u8x8_byte.o(i.u8x8_byte_StartTransfer), (16 bytes).
    Removing u8x8_byte.o(i.u8x8_byte_empty), (4 bytes).
    Removing u8x8_byte.o(i.u8x8_byte_ks0108), (210 bytes).
    Removing u8x8_byte.o(i.u8x8_byte_sed1520), (220 bytes).
    Removing u8x8_byte.o(i.u8x8_byte_set_ks0108_cs), (46 bytes).
    Removing u8x8_byte.o(i.u8x8_byte_sw_i2c), (188 bytes).
    Removing u8x8_byte.o(.data), (2 bytes).
    Removing u8x8_cad.o(i.u8x8_SendF), (18 bytes).
    Removing u8x8_cad.o(i.u8x8_cad_001), (82 bytes).
    Removing u8x8_cad.o(i.u8x8_cad_011), (86 bytes).
    Removing u8x8_cad.o(i.u8x8_cad_100), (86 bytes).
    Removing u8x8_cad.o(i.u8x8_cad_110), (82 bytes).
    Removing u8x8_cad.o(i.u8x8_cad_EndTransfer), (16 bytes).
    Removing u8x8_cad.o(i.u8x8_cad_SendArg), (16 bytes).
    Removing u8x8_cad.o(i.u8x8_cad_SendCmd), (16 bytes).
    Removing u8x8_cad.o(i.u8x8_cad_SendData), (16 bytes).
    Removing u8x8_cad.o(i.u8x8_cad_SendMultipleArg), (38 bytes).
    Removing u8x8_cad.o(i.u8x8_cad_SendSequence), (104 bytes).
    Removing u8x8_cad.o(i.u8x8_cad_StartTransfer), (16 bytes).
    Removing u8x8_cad.o(i.u8x8_cad_empty), (44 bytes).
    Removing u8x8_cad.o(i.u8x8_cad_ld7032_i2c), (180 bytes).
    Removing u8x8_cad.o(i.u8x8_cad_ssd13xx_fast_i2c), (188 bytes).
    Removing u8x8_cad.o(i.u8x8_cad_ssd13xx_i2c), (122 bytes).
    Removing u8x8_cad.o(i.u8x8_cad_st75256_i2c), (132 bytes).
    Removing u8x8_cad.o(i.u8x8_cad_st7920_spi), (248 bytes).
    Removing u8x8_cad.o(i.u8x8_cad_uc1638_i2c), (280 bytes).
    Removing u8x8_cad.o(i.u8x8_cad_uc16xx_i2c), (240 bytes).
    Removing u8x8_cad.o(i.u8x8_cad_vsendf), (82 bytes).
    Removing u8x8_cad.o(i.u8x8_gu800_cad_110), (118 bytes).
    Removing u8x8_cad.o(i.u8x8_i2c_data_transfer), (44 bytes).
    Removing u8x8_cad.o(.bss), (16 bytes).
    Removing u8x8_cad.o(.data), (6 bytes).
    Removing u8x8_capture.o(i.u8x8_capture_get_pixel_1), (28 bytes).
    Removing u8x8_capture.o(i.u8x8_capture_get_pixel_2), (32 bytes).
    Removing u8x8_capture.o(i.u8x8_capture_write_pbm_buffer), (96 bytes).
    Removing u8x8_capture.o(i.u8x8_capture_write_pbm_pre), (52 bytes).
    Removing u8x8_capture.o(i.u8x8_capture_write_xbm_buffer), (192 bytes).
    Removing u8x8_capture.o(i.u8x8_capture_write_xbm_pre), (136 bytes).
    Removing u8x8_debounce.o(i.u8x8_GetMenuEvent), (192 bytes).
    Removing u8x8_display.o(i.u8x8_ClearDisplay), (16 bytes).
    Removing u8x8_display.o(i.u8x8_ClearDisplayWithTile), (58 bytes).
    Removing u8x8_display.o(i.u8x8_ClearLine), (48 bytes).
    Removing u8x8_display.o(i.u8x8_DrawTile), (30 bytes).
    Removing u8x8_display.o(i.u8x8_FillDisplay), (28 bytes).
    Removing u8x8_display.o(i.u8x8_InitDisplay), (16 bytes).
    Removing u8x8_display.o(i.u8x8_InitInterface), (32 bytes).
    Removing u8x8_display.o(i.u8x8_RefreshDisplay), (16 bytes).
    Removing u8x8_display.o(i.u8x8_SetContrast), (16 bytes).
    Removing u8x8_display.o(i.u8x8_SetFlipMode), (16 bytes).
    Removing u8x8_display.o(i.u8x8_SetPowerSave), (16 bytes).
    Removing u8x8_display.o(i.u8x8_SetupMemory), (16 bytes).
    Removing u8x8_display.o(i.u8x8_d_helper_display_init), (96 bytes).
    Removing u8x8_display.o(i.u8x8_d_helper_display_setup_memory), (10 bytes).
    Removing u8x8_gpio.o(i.u8x8_gpio_call), (12 bytes).
    Removing u8x8_input_value.o(i.u8x8_UserInterfaceInputValue), (262 bytes).
    Removing u8x8_message.o(i.u8x8_UserInterfaceMessage), (240 bytes).
    Removing u8x8_message.o(i.u8x8_draw_button_line), (164 bytes).
    Removing u8x8_selection_list.o(i.u8sl_Next), (42 bytes).
    Removing u8x8_selection_list.o(i.u8sl_Prev), (40 bytes).
    Removing u8x8_selection_list.o(i.u8x8_DrawSelectionList), (44 bytes).
    Removing u8x8_selection_list.o(i.u8x8_UserInterfaceSelectionList), (192 bytes).
    Removing u8x8_selection_list.o(i.u8x8_sl_string_line_cb), (76 bytes).
    Removing u8x8_setup.o(i.u8x8_Setup), (34 bytes).
    Removing u8x8_setup.o(i.u8x8_SetupDefaults), (36 bytes).
    Removing u8x8_setup.o(i.u8x8_d_null_cb), (32 bytes).
    Removing u8x8_setup.o(i.u8x8_dummy_cb), (4 bytes).
    Removing u8x8_setup.o(.constdata), (24 bytes).
    Removing u8x8_string.o(i.u8x8_CopyStringLine), (40 bytes).
    Removing u8x8_string.o(i.u8x8_DrawUTF8Line), (116 bytes).
    Removing u8x8_string.o(i.u8x8_DrawUTF8Lines), (66 bytes).
    Removing u8x8_string.o(i.u8x8_GetStringLineCnt), (26 bytes).
    Removing u8x8_string.o(i.u8x8_GetStringLineStart), (36 bytes).
    Removing u8x8_u8toa.o(i.u8x8_u8toa), (24 bytes).
    Removing u8x8_u8toa.o(i.u8x8_u8toap), (44 bytes).
    Removing u8x8_u8toa.o(.constdata), (3 bytes).
    Removing u8x8_u8toa.o(.data), (4 bytes).
    Removing u8x8_u16toa.o(i.u8x8_u16toa), (24 bytes).
    Removing u8x8_u16toa.o(i.u8x8_u16toap), (46 bytes).
    Removing u8x8_u16toa.o(i.u8x8_utoa), (28 bytes).
    Removing u8x8_u16toa.o(.data), (6 bytes).
    Removing u8x8_d_ssd1327.o(i.u8x8_d_ssd1327_96x96_generic), (296 bytes).
    Removing u8x8_d_ssd1327.o(i.u8x8_d_ssd1327_ea_w128128), (104 bytes).
    Removing u8x8_d_ssd1327.o(i.u8x8_d_ssd1327_midas_128x128), (104 bytes).
    Removing u8x8_d_ssd1327.o(i.u8x8_d_ssd1327_seeed_96x96), (104 bytes).
    Removing u8x8_d_ssd1327.o(i.u8x8_d_ssd1327_visionox_128x96), (104 bytes).
    Removing u8x8_d_ssd1327.o(i.u8x8_d_ssd1327_ws_128x128), (104 bytes).
    Removing u8x8_d_ssd1327.o(i.u8x8_d_ssd1327_ws_96x64), (104 bytes).
    Removing u8x8_d_ssd1327.o(i.u8x8_d_ssd1327_zjy_128x128), (104 bytes).
    Removing u8x8_d_ssd1327.o(.bss), (32 bytes).
    Removing u8x8_d_ssd1327.o(.constdata), (695 bytes).
    Removing dev_config.o(.rev16_text), (4 bytes).
    Removing dev_config.o(.revsh_text), (4 bytes).
    Removing dev_config.o(.rrx_text), (6 bytes).
    Removing dev_config.o(i.DEV_Module_Exit), (60 bytes).
    Removing epd_2in9.o(.rev16_text), (4 bytes).
    Removing epd_2in9.o(.revsh_text), (4 bytes).
    Removing epd_2in9.o(.rrx_text), (6 bytes).
    Removing epd_2in9.o(i.EPD_2IN9_Clear), (70 bytes).
    Removing epd_2in9.o(i.EPD_2IN9_Display), (80 bytes).
    Removing epd_2in9.o(i.EPD_2IN9_Init), (296 bytes).
    Removing epd_2in9.o(i.EPD_2IN9_ReadBusy), (100 bytes).
    Removing epd_2in9.o(i.EPD_2IN9_SendCommand), (56 bytes).
    Removing epd_2in9.o(i.EPD_2IN9_SendData), (56 bytes).
    Removing epd_2in9.o(i.EPD_2IN9_SetCursor), (42 bytes).
    Removing epd_2in9.o(i.EPD_2IN9_SetWindows), (68 bytes).
    Removing epd_2in9.o(i.EPD_2IN9_Sleep), (18 bytes).
    Removing epd_2in9.o(i.EPD_2IN9_TurnOnDisplay), (34 bytes).
    Removing epd_2in9.o(.constdata), (60 bytes).
    Removing epd_2in9bc.o(.rev16_text), (4 bytes).
    Removing epd_2in9bc.o(.revsh_text), (4 bytes).
    Removing epd_2in9bc.o(.rrx_text), (6 bytes).
    Removing epd_2in9bc.o(i.EPD_2IN9BC_Clear), (88 bytes).
    Removing epd_2in9bc.o(i.EPD_2IN9BC_DisplayWithBackGround), (138 bytes).
    Removing epd_4in2bc.o(.rev16_text), (4 bytes).
    Removing epd_4in2bc.o(.revsh_text), (4 bytes).
    Removing epd_4in2bc.o(.rrx_text), (6 bytes).
    Removing epd_4in2bc.o(i.EPD_4IN2BC_Clear), (82 bytes).
    Removing epd_4in2bc.o(i.EPD_4IN2BC_Display), (102 bytes).
    Removing epd_4in2bc.o(i.EPD_4IN2BC_Init), (108 bytes).
    Removing epd_4in2bc.o(i.EPD_4IN2BC_ReadBusy), (100 bytes).
    Removing epd_4in2bc.o(i.EPD_4IN2BC_SendCommand), (56 bytes).
    Removing epd_4in2bc.o(i.EPD_4IN2BC_SendData), (56 bytes).
    Removing epd_4in2bc.o(i.EPD_4IN2BC_Sleep), (28 bytes).
    Removing epd_4in2bc.o(i.EPD_4IN2BC_TurnOnDisplay), (22 bytes).
    Removing font8.o(.constdata), (760 bytes).
    Removing font8.o(.data), (8 bytes).
    Removing font12.o(.constdata), (1140 bytes).
    Removing font12.o(.data), (8 bytes).
    Removing font12cn.o(.constdata), (1494 bytes).
    Removing font12cn.o(.data), (12 bytes).
    Removing font16.o(.constdata), (3040 bytes).
    Removing font16.o(.data), (8 bytes).
    Removing font20.o(.constdata), (3800 bytes).
    Removing font20.o(.data), (8 bytes).
    Removing font24cn.o(.constdata), (4482 bytes).
    Removing font24cn.o(.data), (12 bytes).
    Removing gui_paint.o(.rev16_text), (4 bytes).
    Removing gui_paint.o(.revsh_text), (4 bytes).
    Removing gui_paint.o(.rrx_text), (6 bytes).
    Removing gui_paint.o(i.Paint_ClearWindows), (52 bytes).
    Removing gui_paint.o(i.Paint_DrawBitMap_Block), (60 bytes).
    Removing gui_paint.o(i.Paint_DrawBitMap_Paste), (110 bytes).
    Removing gui_paint.o(i.Paint_DrawCircle), (540 bytes).
    Removing gui_paint.o(i.Paint_DrawNumDecimals), (332 bytes).
    Removing gui_paint.o(i.Paint_DrawRectangle), (224 bytes).
    Removing gui_paint.o(i.Paint_DrawString_CN), (404 bytes).
    Removing gui_paint.o(i.Paint_DrawTime), (300 bytes).
    Removing gui_paint.o(i.Paint_SetMirroring), (124 bytes).
    Removing gui_paint.o(i.Paint_SetRotate), (116 bytes).
    Removing gui_paint.o(i.Paint_SetScale), (164 bytes).
    Removing fmul.o(.text), (100 bytes).
    Removing dadd.o(.text), (334 bytes).
    Removing dflti.o(.text), (34 bytes).
    Removing ffixi.o(.text), (50 bytes).
    Removing dfixi.o(.text), (62 bytes).
    Removing d2f.o(.text), (56 bytes).
    Removing fepilogue.o(.text), (110 bytes).
    Removing depilogue.o(.text), (186 bytes).
    Removing dmul.o(.text), (228 bytes).
    Removing ddiv.o(.text), (222 bytes).
    Removing dfixul.o(.text), (48 bytes).
    Removing cdrcmple.o(.text), (48 bytes).

1023 unused section(s) (total 114980 bytes) removed from the image.

==============================================================================

Image Symbol Table

    Local Symbols

    Symbol Name                              Value     Ov Type        Size  Object(Section)

    ../Core/Src/gpio.c                       0x00000000   Number         0  gpio.o ABSOLUTE
    ../Core/Src/i2c.c                        0x00000000   Number         0  i2c.o ABSOLUTE
    ../Core/Src/main.c                       0x00000000   Number         0  main.o ABSOLUTE
    ../Core/Src/spi.c                        0x00000000   Number         0  spi.o ABSOLUTE
    ../Core/Src/stm32f1xx_hal_msp.c          0x00000000   Number         0  stm32f1xx_hal_msp.o ABSOLUTE
    ../Core/Src/stm32f1xx_it.c               0x00000000   Number         0  stm32f1xx_it.o ABSOLUTE
    ../Core/Src/system_stm32f1xx.c           0x00000000   Number         0  system_stm32f1xx.o ABSOLUTE
    ../Core/Src/tim.c                        0x00000000   Number         0  tim.o ABSOLUTE
    ../Core/Src/usart.c                      0x00000000   Number         0  usart.o ABSOLUTE
    ../Drivers/STM32F1xx_HAL_Driver/Src/stm32f1xx_hal.c 0x00000000   Number         0  stm32f1xx_hal.o ABSOLUTE
    ../Drivers/STM32F1xx_HAL_Driver/Src/stm32f1xx_hal_cortex.c 0x00000000   Number         0  stm32f1xx_hal_cortex.o ABSOLUTE
    ../Drivers/STM32F1xx_HAL_Driver/Src/stm32f1xx_hal_dma.c 0x00000000   Number         0  stm32f1xx_hal_dma.o ABSOLUTE
    ../Drivers/STM32F1xx_HAL_Driver/Src/stm32f1xx_hal_exti.c 0x00000000   Number         0  stm32f1xx_hal_exti.o ABSOLUTE
    ../Drivers/STM32F1xx_HAL_Driver/Src/stm32f1xx_hal_flash.c 0x00000000   Number         0  stm32f1xx_hal_flash.o ABSOLUTE
    ../Drivers/STM32F1xx_HAL_Driver/Src/stm32f1xx_hal_flash_ex.c 0x00000000   Number         0  stm32f1xx_hal_flash_ex.o ABSOLUTE
    ../Drivers/STM32F1xx_HAL_Driver/Src/stm32f1xx_hal_gpio.c 0x00000000   Number         0  stm32f1xx_hal_gpio.o ABSOLUTE
    ../Drivers/STM32F1xx_HAL_Driver/Src/stm32f1xx_hal_gpio_ex.c 0x00000000   Number         0  stm32f1xx_hal_gpio_ex.o ABSOLUTE
    ../Drivers/STM32F1xx_HAL_Driver/Src/stm32f1xx_hal_i2c.c 0x00000000   Number         0  stm32f1xx_hal_i2c.o ABSOLUTE
    ../Drivers/STM32F1xx_HAL_Driver/Src/stm32f1xx_hal_pwr.c 0x00000000   Number         0  stm32f1xx_hal_pwr.o ABSOLUTE
    ../Drivers/STM32F1xx_HAL_Driver/Src/stm32f1xx_hal_rcc.c 0x00000000   Number         0  stm32f1xx_hal_rcc.o ABSOLUTE
    ../Drivers/STM32F1xx_HAL_Driver/Src/stm32f1xx_hal_rcc_ex.c 0x00000000   Number         0  stm32f1xx_hal_rcc_ex.o ABSOLUTE
    ../Drivers/STM32F1xx_HAL_Driver/Src/stm32f1xx_hal_spi.c 0x00000000   Number         0  stm32f1xx_hal_spi.o ABSOLUTE
    ../Drivers/STM32F1xx_HAL_Driver/Src/stm32f1xx_hal_tim.c 0x00000000   Number         0  stm32f1xx_hal_tim.o ABSOLUTE
    ../Drivers/STM32F1xx_HAL_Driver/Src/stm32f1xx_hal_tim_ex.c 0x00000000   Number         0  stm32f1xx_hal_tim_ex.o ABSOLUTE
    ../Drivers/STM32F1xx_HAL_Driver/Src/stm32f1xx_hal_uart.c 0x00000000   Number         0  stm32f1xx_hal_uart.o ABSOLUTE
    ../clib/microlib/division.c              0x00000000   Number         0  uldiv.o ABSOLUTE
    ../clib/microlib/division.c              0x00000000   Number         0  uidiv.o ABSOLUTE
    ../clib/microlib/init/entry.s            0x00000000   Number         0  entry9b.o ABSOLUTE
    ../clib/microlib/init/entry.s            0x00000000   Number         0  entry2.o ABSOLUTE
    ../clib/microlib/init/entry.s            0x00000000   Number         0  entry5.o ABSOLUTE
    ../clib/microlib/init/entry.s            0x00000000   Number         0  entry.o ABSOLUTE
    ../clib/microlib/init/entry.s            0x00000000   Number         0  entry12b.o ABSOLUTE
    ../clib/microlib/init/entry.s            0x00000000   Number         0  entry12a.o ABSOLUTE
    ../clib/microlib/init/entry.s            0x00000000   Number         0  entry11b.o ABSOLUTE
    ../clib/microlib/init/entry.s            0x00000000   Number         0  entry10b.o ABSOLUTE
    ../clib/microlib/init/entry.s            0x00000000   Number         0  entry10a.o ABSOLUTE
    ../clib/microlib/init/entry.s            0x00000000   Number         0  entry9a.o ABSOLUTE
    ../clib/microlib/init/entry.s            0x00000000   Number         0  entry8b.o ABSOLUTE
    ../clib/microlib/init/entry.s            0x00000000   Number         0  entry8a.o ABSOLUTE
    ../clib/microlib/init/entry.s            0x00000000   Number         0  entry7b.o ABSOLUTE
    ../clib/microlib/init/entry.s            0x00000000   Number         0  entry7a.o ABSOLUTE
    ../clib/microlib/init/entry.s            0x00000000   Number         0  entry11a.o ABSOLUTE
    ../clib/microlib/longlong.c              0x00000000   Number         0  llshl.o ABSOLUTE
    ../clib/microlib/longlong.c              0x00000000   Number         0  llushr.o ABSOLUTE
    ../clib/microlib/longlong.c              0x00000000   Number         0  llsshr.o ABSOLUTE
    ../clib/microlib/malloc/malloc.c         0x00000000   Number         0  mallocr.o ABSOLUTE
    ../clib/microlib/malloc/malloc.c         0x00000000   Number         0  malloc.o ABSOLUTE
    ../clib/microlib/malloc/malloc.c         0x00000000   Number         0  mallocra.o ABSOLUTE
    ../clib/microlib/malloc/malloc.c         0x00000000   Number         0  malloca.o ABSOLUTE
    ../clib/microlib/malloc/mvars.c          0x00000000   Number         0  mvars.o ABSOLUTE
    ../clib/microlib/printf/printf.c         0x00000000   Number         0  printf7.o ABSOLUTE
    ../clib/microlib/printf/printf.c         0x00000000   Number         0  printf6.o ABSOLUTE
    ../clib/microlib/printf/printf.c         0x00000000   Number         0  printf5.o ABSOLUTE
    ../clib/microlib/printf/printf.c         0x00000000   Number         0  printf1.o ABSOLUTE
    ../clib/microlib/printf/printf.c         0x00000000   Number         0  printfb.o ABSOLUTE
    ../clib/microlib/printf/printf.c         0x00000000   Number         0  printf3.o ABSOLUTE
    ../clib/microlib/printf/printf.c         0x00000000   Number         0  printf2.o ABSOLUTE
    ../clib/microlib/printf/printf.c         0x00000000   Number         0  printf0.o ABSOLUTE
    ../clib/microlib/printf/printf.c         0x00000000   Number         0  printf4.o ABSOLUTE
    ../clib/microlib/printf/printf.c         0x00000000   Number         0  printfa.o ABSOLUTE
    ../clib/microlib/printf/printf.c         0x00000000   Number         0  printf8.o ABSOLUTE
    ../clib/microlib/printf/stubs.s          0x00000000   Number         0  stubs.o ABSOLUTE
    ../clib/microlib/stdio/streams.c         0x00000000   Number         0  stdout.o ABSOLUTE
    ../clib/microlib/string/memcpy.c         0x00000000   Number         0  memcpya.o ABSOLUTE
    ../clib/microlib/string/memcpy.c         0x00000000   Number         0  memcpyb.o ABSOLUTE
    ../clib/microlib/string/memset.c         0x00000000   Number         0  memseta.o ABSOLUTE
    ../clib/microlib/stubs.s                 0x00000000   Number         0  iusefp.o ABSOLUTE
    ../fplib/microlib/d2f.c                  0x00000000   Number         0  d2f.o ABSOLUTE
    ../fplib/microlib/fpadd.c                0x00000000   Number         0  dadd.o ABSOLUTE
    ../fplib/microlib/fpdiv.c                0x00000000   Number         0  ddiv.o ABSOLUTE
    ../fplib/microlib/fpepilogue.c           0x00000000   Number         0  fepilogue.o ABSOLUTE
    ../fplib/microlib/fpepilogue.c           0x00000000   Number         0  depilogue.o ABSOLUTE
    ../fplib/microlib/fpfix.c                0x00000000   Number         0  dfixul.o ABSOLUTE
    ../fplib/microlib/fpfix.c                0x00000000   Number         0  ffixi.o ABSOLUTE
    ../fplib/microlib/fpfix.c                0x00000000   Number         0  dfixi.o ABSOLUTE
    ../fplib/microlib/fpflt.c                0x00000000   Number         0  dflti.o ABSOLUTE
    ../fplib/microlib/fpmul.c                0x00000000   Number         0  fmul.o ABSOLUTE
    ../fplib/microlib/fpmul.c                0x00000000   Number         0  dmul.o ABSOLUTE
    ..\Core\Src\dht11.c                      0x00000000   Number         0  dht11.o ABSOLUTE
    ..\Core\Src\epaper.c                     0x00000000   Number         0  epaper.o ABSOLUTE
    ..\Core\Src\gpio.c                       0x00000000   Number         0  gpio.o ABSOLUTE
    ..\Core\Src\i2c.c                        0x00000000   Number         0  i2c.o ABSOLUTE
    ..\Core\Src\main.c                       0x00000000   Number         0  main.o ABSOLUTE
    ..\Core\Src\oled.c                       0x00000000   Number         0  oled.o ABSOLUTE
    ..\Core\Src\sgp30.c                      0x00000000   Number         0  sgp30.o ABSOLUTE
    ..\Core\Src\spi.c                        0x00000000   Number         0  spi.o ABSOLUTE
    ..\Core\Src\stm32f1xx_hal_msp.c          0x00000000   Number         0  stm32f1xx_hal_msp.o ABSOLUTE
    ..\Core\Src\stm32f1xx_it.c               0x00000000   Number         0  stm32f1xx_it.o ABSOLUTE
    ..\Core\Src\system_stm32f1xx.c           0x00000000   Number         0  system_stm32f1xx.o ABSOLUTE
    ..\Core\Src\tim.c                        0x00000000   Number         0  tim.o ABSOLUTE
    ..\Core\Src\usart.c                      0x00000000   Number         0  usart.o ABSOLUTE
    ..\Drivers\STM32F1xx_HAL_Driver\Src\stm32f1xx_hal.c 0x00000000   Number         0  stm32f1xx_hal.o ABSOLUTE
    ..\Drivers\STM32F1xx_HAL_Driver\Src\stm32f1xx_hal_cortex.c 0x00000000   Number         0  stm32f1xx_hal_cortex.o ABSOLUTE
    ..\Drivers\STM32F1xx_HAL_Driver\Src\stm32f1xx_hal_dma.c 0x00000000   Number         0  stm32f1xx_hal_dma.o ABSOLUTE
    ..\Drivers\STM32F1xx_HAL_Driver\Src\stm32f1xx_hal_exti.c 0x00000000   Number         0  stm32f1xx_hal_exti.o ABSOLUTE
    ..\Drivers\STM32F1xx_HAL_Driver\Src\stm32f1xx_hal_flash.c 0x00000000   Number         0  stm32f1xx_hal_flash.o ABSOLUTE
    ..\Drivers\STM32F1xx_HAL_Driver\Src\stm32f1xx_hal_flash_ex.c 0x00000000   Number         0  stm32f1xx_hal_flash_ex.o ABSOLUTE
    ..\Drivers\STM32F1xx_HAL_Driver\Src\stm32f1xx_hal_gpio.c 0x00000000   Number         0  stm32f1xx_hal_gpio.o ABSOLUTE
    ..\Drivers\STM32F1xx_HAL_Driver\Src\stm32f1xx_hal_gpio_ex.c 0x00000000   Number         0  stm32f1xx_hal_gpio_ex.o ABSOLUTE
    ..\Drivers\STM32F1xx_HAL_Driver\Src\stm32f1xx_hal_i2c.c 0x00000000   Number         0  stm32f1xx_hal_i2c.o ABSOLUTE
    ..\Drivers\STM32F1xx_HAL_Driver\Src\stm32f1xx_hal_pwr.c 0x00000000   Number         0  stm32f1xx_hal_pwr.o ABSOLUTE
    ..\Drivers\STM32F1xx_HAL_Driver\Src\stm32f1xx_hal_rcc.c 0x00000000   Number         0  stm32f1xx_hal_rcc.o ABSOLUTE
    ..\Drivers\STM32F1xx_HAL_Driver\Src\stm32f1xx_hal_rcc_ex.c 0x00000000   Number         0  stm32f1xx_hal_rcc_ex.o ABSOLUTE
    ..\Drivers\STM32F1xx_HAL_Driver\Src\stm32f1xx_hal_spi.c 0x00000000   Number         0  stm32f1xx_hal_spi.o ABSOLUTE
    ..\Drivers\STM32F1xx_HAL_Driver\Src\stm32f1xx_hal_tim.c 0x00000000   Number         0  stm32f1xx_hal_tim.o ABSOLUTE
    ..\Drivers\STM32F1xx_HAL_Driver\Src\stm32f1xx_hal_tim_ex.c 0x00000000   Number         0  stm32f1xx_hal_tim_ex.o ABSOLUTE
    ..\Drivers\STM32F1xx_HAL_Driver\Src\stm32f1xx_hal_uart.c 0x00000000   Number         0  stm32f1xx_hal_uart.o ABSOLUTE
    ..\\Core\\Src\\dht11.c                   0x00000000   Number         0  dht11.o ABSOLUTE
    ..\\Core\\Src\\epaper.c                  0x00000000   Number         0  epaper.o ABSOLUTE
    ..\\Core\\Src\\oled.c                    0x00000000   Number         0  oled.o ABSOLUTE
    ..\\Core\\Src\\sgp30.c                   0x00000000   Number         0  sgp30.o ABSOLUTE
    ..\\epd\\DEV_Config.c                    0x00000000   Number         0  dev_config.o ABSOLUTE
    ..\\epd\\EPD_2in9.c                      0x00000000   Number         0  epd_2in9.o ABSOLUTE
    ..\\epd\\EPD_2in9bc.c                    0x00000000   Number         0  epd_2in9bc.o ABSOLUTE
    ..\\epd\\EPD_4in2bc.c                    0x00000000   Number         0  epd_4in2bc.o ABSOLUTE
    ..\\epd\\GUI_Paint.c                     0x00000000   Number         0  gui_paint.o ABSOLUTE
    ..\epd\DEV_Config.c                      0x00000000   Number         0  dev_config.o ABSOLUTE
    ..\epd\EPD_2in9.c                        0x00000000   Number         0  epd_2in9.o ABSOLUTE
    ..\epd\EPD_2in9bc.c                      0x00000000   Number         0  epd_2in9bc.o ABSOLUTE
    ..\epd\EPD_4in2bc.c                      0x00000000   Number         0  epd_4in2bc.o ABSOLUTE
    ..\epd\GUI_Paint.c                       0x00000000   Number         0  gui_paint.o ABSOLUTE
    ..\epd\font12.c                          0x00000000   Number         0  font12.o ABSOLUTE
    ..\epd\font12CN.c                        0x00000000   Number         0  font12cn.o ABSOLUTE
    ..\epd\font16.c                          0x00000000   Number         0  font16.o ABSOLUTE
    ..\epd\font20.c                          0x00000000   Number         0  font20.o ABSOLUTE
    ..\epd\font24.c                          0x00000000   Number         0  font24.o ABSOLUTE
    ..\epd\font24CN.c                        0x00000000   Number         0  font24cn.o ABSOLUTE
    ..\epd\font8.c                           0x00000000   Number         0  font8.o ABSOLUTE
    ..\u8g2\mui.c                            0x00000000   Number         0  mui.o ABSOLUTE
    ..\u8g2\mui_u8g2.c                       0x00000000   Number         0  mui_u8g2.o ABSOLUTE
    ..\u8g2\u8g2_arc.c                       0x00000000   Number         0  u8g2_arc.o ABSOLUTE
    ..\u8g2\u8g2_bitmap.c                    0x00000000   Number         0  u8g2_bitmap.o ABSOLUTE
    ..\u8g2\u8g2_box.c                       0x00000000   Number         0  u8g2_box.o ABSOLUTE
    ..\u8g2\u8g2_buffer.c                    0x00000000   Number         0  u8g2_buffer.o ABSOLUTE
    ..\u8g2\u8g2_button.c                    0x00000000   Number         0  u8g2_button.o ABSOLUTE
    ..\u8g2\u8g2_circle.c                    0x00000000   Number         0  u8g2_circle.o ABSOLUTE
    ..\u8g2\u8g2_cleardisplay.c              0x00000000   Number         0  u8g2_cleardisplay.o ABSOLUTE
    ..\u8g2\u8g2_d_memory.c                  0x00000000   Number         0  u8g2_d_memory.o ABSOLUTE
    ..\u8g2\u8g2_d_setup.c                   0x00000000   Number         0  u8g2_d_setup.o ABSOLUTE
    ..\u8g2\u8g2_font.c                      0x00000000   Number         0  u8g2_font.o ABSOLUTE
    ..\u8g2\u8g2_fonts.c                     0x00000000   Number         0  u8g2_fonts.o ABSOLUTE
    ..\u8g2\u8g2_hvline.c                    0x00000000   Number         0  u8g2_hvline.o ABSOLUTE
    ..\u8g2\u8g2_input_value.c               0x00000000   Number         0  u8g2_input_value.o ABSOLUTE
    ..\u8g2\u8g2_intersection.c              0x00000000   Number         0  u8g2_intersection.o ABSOLUTE
    ..\u8g2\u8g2_kerning.c                   0x00000000   Number         0  u8g2_kerning.o ABSOLUTE
    ..\u8g2\u8g2_line.c                      0x00000000   Number         0  u8g2_line.o ABSOLUTE
    ..\u8g2\u8g2_ll_hvline.c                 0x00000000   Number         0  u8g2_ll_hvline.o ABSOLUTE
    ..\u8g2\u8g2_message.c                   0x00000000   Number         0  u8g2_message.o ABSOLUTE
    ..\u8g2\u8g2_polygon.c                   0x00000000   Number         0  u8g2_polygon.o ABSOLUTE
    ..\u8g2\u8g2_selection_list.c            0x00000000   Number         0  u8g2_selection_list.o ABSOLUTE
    ..\u8g2\u8g2_setup.c                     0x00000000   Number         0  u8g2_setup.o ABSOLUTE
    ..\u8g2\u8log.c                          0x00000000   Number         0  u8log.o ABSOLUTE
    ..\u8g2\u8log_u8g2.c                     0x00000000   Number         0  u8log_u8g2.o ABSOLUTE
    ..\u8g2\u8log_u8x8.c                     0x00000000   Number         0  u8log_u8x8.o ABSOLUTE
    ..\u8g2\u8x8_8x8.c                       0x00000000   Number         0  u8x8_8x8.o ABSOLUTE
    ..\u8g2\u8x8_byte.c                      0x00000000   Number         0  u8x8_byte.o ABSOLUTE
    ..\u8g2\u8x8_cad.c                       0x00000000   Number         0  u8x8_cad.o ABSOLUTE
    ..\u8g2\u8x8_capture.c                   0x00000000   Number         0  u8x8_capture.o ABSOLUTE
    ..\u8g2\u8x8_d_ssd1327.c                 0x00000000   Number         0  u8x8_d_ssd1327.o ABSOLUTE
    ..\u8g2\u8x8_debounce.c                  0x00000000   Number         0  u8x8_debounce.o ABSOLUTE
    ..\u8g2\u8x8_display.c                   0x00000000   Number         0  u8x8_display.o ABSOLUTE
    ..\u8g2\u8x8_gpio.c                      0x00000000   Number         0  u8x8_gpio.o ABSOLUTE
    ..\u8g2\u8x8_input_value.c               0x00000000   Number         0  u8x8_input_value.o ABSOLUTE
    ..\u8g2\u8x8_message.c                   0x00000000   Number         0  u8x8_message.o ABSOLUTE
    ..\u8g2\u8x8_selection_list.c            0x00000000   Number         0  u8x8_selection_list.o ABSOLUTE
    ..\u8g2\u8x8_setup.c                     0x00000000   Number         0  u8x8_setup.o ABSOLUTE
    ..\u8g2\u8x8_string.c                    0x00000000   Number         0  u8x8_string.o ABSOLUTE
    ..\u8g2\u8x8_u16toa.c                    0x00000000   Number         0  u8x8_u16toa.o ABSOLUTE
    ..\u8g2\u8x8_u8toa.c                     0x00000000   Number         0  u8x8_u8toa.o ABSOLUTE
    cdrcmple.s                               0x00000000   Number         0  cdrcmple.o ABSOLUTE
    dc.s                                     0x00000000   Number         0  dc.o ABSOLUTE
    handlers.s                               0x00000000   Number         0  handlers.o ABSOLUTE
    init.s                                   0x00000000   Number         0  init.o ABSOLUTE
    startup_stm32f103xb.s                    0x00000000   Number         0  startup_stm32f103xb.o ABSOLUTE
    RESET                                    0x08000000   Section      236  startup_stm32f103xb.o(RESET)
    .ARM.Collect$$$$00000000                 0x080000ec   Section        0  entry.o(.ARM.Collect$$$$00000000)
    .ARM.Collect$$$$00000001                 0x080000ec   Section        4  entry2.o(.ARM.Collect$$$$00000001)
    .ARM.Collect$$$$00000004                 0x080000f0   Section        4  entry5.o(.ARM.Collect$$$$00000004)
    .ARM.Collect$$$$00000008                 0x080000f4   Section        0  entry7b.o(.ARM.Collect$$$$00000008)
    .ARM.Collect$$$$0000000A                 0x080000f4   Section        0  entry8b.o(.ARM.Collect$$$$0000000A)
    .ARM.Collect$$$$0000000B                 0x080000f4   Section        8  entry9a.o(.ARM.Collect$$$$0000000B)
    .ARM.Collect$$$$0000000E                 0x080000fc   Section        4  entry12b.o(.ARM.Collect$$$$0000000E)
    .ARM.Collect$$$$0000000F                 0x08000100   Section        0  entry10a.o(.ARM.Collect$$$$0000000F)
    .ARM.Collect$$$$00000011                 0x08000100   Section        0  entry11a.o(.ARM.Collect$$$$00000011)
    .ARM.Collect$$$$00002712                 0x08000100   Section        4  entry2.o(.ARM.Collect$$$$00002712)
    __lit__00000000                          0x08000100   Data           4  entry2.o(.ARM.Collect$$$$00002712)
    .text                                    0x08000104   Section       36  startup_stm32f103xb.o(.text)
    .text                                    0x08000128   Section        0  memseta.o(.text)
    .text                                    0x0800014c   Section        0  uidiv.o(.text)
    .text                                    0x08000178   Section       36  init.o(.text)
    i.BusFault_Handler                       0x0800019c   Section        0  stm32f1xx_it.o(i.BusFault_Handler)
    i.DEV_Module_Init                        0x080001a0   Section        0  dev_config.o(i.DEV_Module_Init)
    i.DEV_SPI_WriteByte                      0x080001dc   Section        0  dev_config.o(i.DEV_SPI_WriteByte)
    i.DHT11_REC_Data                         0x080001f4   Section        0  dht11.o(i.DHT11_REC_Data)
    i.DHT11_Rec_Byte                         0x080002a8   Section        0  dht11.o(i.DHT11_Rec_Byte)
    i.DHT11_Start                            0x080002f0   Section        0  dht11.o(i.DHT11_Start)
    i.DHT_GPIO_Init_IN                       0x08000334   Section        0  dht11.o(i.DHT_GPIO_Init_IN)
    i.DHT_GPIO_Init_OUT                      0x0800039c   Section        0  dht11.o(i.DHT_GPIO_Init_OUT)
    i.DebugMon_Handler                       0x0800041c   Section        0  stm32f1xx_it.o(i.DebugMon_Handler)
    i.EPD_2IN9BC_Display                     0x08000420   Section        0  epd_2in9bc.o(i.EPD_2IN9BC_Display)
    i.EPD_2IN9BC_Init                        0x0800049c   Section        0  epd_2in9bc.o(i.EPD_2IN9BC_Init)
    i.EPD_2IN9BC_ReadBusy                    0x08000538   Section        0  epd_2in9bc.o(i.EPD_2IN9BC_ReadBusy)
    i.EPD_2IN9BC_SendCommand                 0x0800059c   Section        0  epd_2in9bc.o(i.EPD_2IN9BC_SendCommand)
    EPD_2IN9BC_SendCommand                   0x0800059d   Thumb Code    46  epd_2in9bc.o(i.EPD_2IN9BC_SendCommand)
    i.EPD_2IN9BC_SendData                    0x080005d4   Section        0  epd_2in9bc.o(i.EPD_2IN9BC_SendData)
    EPD_2IN9BC_SendData                      0x080005d5   Thumb Code    46  epd_2in9bc.o(i.EPD_2IN9BC_SendData)
    i.EPD_2IN9BC_Sleep                       0x0800060c   Section        0  epd_2in9bc.o(i.EPD_2IN9BC_Sleep)
    i.EPD_2in9bc_aqi                         0x08000628   Section        0  epaper.o(i.EPD_2in9bc_aqi)
    i.EPD_wave_genPointDiff_Y                0x0800084c   Section        0  epaper.o(i.EPD_wave_genPointDiff_Y)
    i.EPD_wave_paint_dot                     0x0800086c   Section        0  epaper.o(i.EPD_wave_paint_dot)
    i.EPD_wave_paint_line                    0x080008c8   Section        0  epaper.o(i.EPD_wave_paint_line)
    i.EPD_wave_refreshPoints                 0x08000924   Section        0  epaper.o(i.EPD_wave_refreshPoints)
    i.Error_Handler                          0x0800097c   Section        0  main.o(i.Error_Handler)
    i.HAL_Delay                              0x08000980   Section        0  stm32f1xx_hal.o(i.HAL_Delay)
    i.HAL_Delay_us                           0x080009a4   Section        0  dht11.o(i.HAL_Delay_us)
    i.HAL_GPIO_Init                          0x080009e0   Section        0  stm32f1xx_hal_gpio.o(i.HAL_GPIO_Init)
    i.HAL_GPIO_ReadPin                       0x08000bc0   Section        0  stm32f1xx_hal_gpio.o(i.HAL_GPIO_ReadPin)
    i.HAL_GPIO_TogglePin                     0x08000bca   Section        0  stm32f1xx_hal_gpio.o(i.HAL_GPIO_TogglePin)
    i.HAL_GPIO_WritePin                      0x08000bda   Section        0  stm32f1xx_hal_gpio.o(i.HAL_GPIO_WritePin)
    i.HAL_GetTick                            0x08000be4   Section        0  stm32f1xx_hal.o(i.HAL_GetTick)
    i.HAL_I2C_Init                           0x08000bf0   Section        0  stm32f1xx_hal_i2c.o(i.HAL_I2C_Init)
    i.HAL_I2C_Master_Receive                 0x08000d78   Section        0  stm32f1xx_hal_i2c.o(i.HAL_I2C_Master_Receive)
    i.HAL_I2C_Master_Transmit                0x08000fc8   Section        0  stm32f1xx_hal_i2c.o(i.HAL_I2C_Master_Transmit)
    i.HAL_I2C_MspInit                        0x080010f4   Section        0  i2c.o(i.HAL_I2C_MspInit)
    i.HAL_IncTick                            0x08001154   Section        0  stm32f1xx_hal.o(i.HAL_IncTick)
    i.HAL_Init                               0x08001164   Section        0  stm32f1xx_hal.o(i.HAL_Init)
    i.HAL_InitTick                           0x08001188   Section        0  stm32f1xx_hal.o(i.HAL_InitTick)
    i.HAL_MspInit                            0x080011c8   Section        0  stm32f1xx_hal_msp.o(i.HAL_MspInit)
    i.HAL_NVIC_SetPriority                   0x08001204   Section        0  stm32f1xx_hal_cortex.o(i.HAL_NVIC_SetPriority)
    i.HAL_NVIC_SetPriorityGrouping           0x08001244   Section        0  stm32f1xx_hal_cortex.o(i.HAL_NVIC_SetPriorityGrouping)
    i.HAL_RCC_ClockConfig                    0x08001268   Section        0  stm32f1xx_hal_rcc.o(i.HAL_RCC_ClockConfig)
    i.HAL_RCC_GetPCLK1Freq                   0x08001394   Section        0  stm32f1xx_hal_rcc.o(i.HAL_RCC_GetPCLK1Freq)
    i.HAL_RCC_GetPCLK2Freq                   0x080013b4   Section        0  stm32f1xx_hal_rcc.o(i.HAL_RCC_GetPCLK2Freq)
    i.HAL_RCC_GetSysClockFreq                0x080013d4   Section        0  stm32f1xx_hal_rcc.o(i.HAL_RCC_GetSysClockFreq)
    i.HAL_RCC_OscConfig                      0x08001420   Section        0  stm32f1xx_hal_rcc.o(i.HAL_RCC_OscConfig)
    i.HAL_SPI_Init                           0x08001740   Section        0  stm32f1xx_hal_spi.o(i.HAL_SPI_Init)
    i.HAL_SPI_MspInit                        0x080017f4   Section        0  spi.o(i.HAL_SPI_MspInit)
    i.HAL_SPI_Transmit                       0x08001890   Section        0  stm32f1xx_hal_spi.o(i.HAL_SPI_Transmit)
    i.HAL_SYSTICK_Config                     0x080019fe   Section        0  stm32f1xx_hal_cortex.o(i.HAL_SYSTICK_Config)
    i.HAL_TIMEx_MasterConfigSynchronization  0x08001a28   Section        0  stm32f1xx_hal_tim_ex.o(i.HAL_TIMEx_MasterConfigSynchronization)
    i.HAL_TIM_Base_Init                      0x08001a90   Section        0  stm32f1xx_hal_tim.o(i.HAL_TIM_Base_Init)
    i.HAL_TIM_Base_MspInit                   0x08001aec   Section        0  tim.o(i.HAL_TIM_Base_MspInit)
    i.HAL_TIM_ConfigClockSource              0x08001b10   Section        0  stm32f1xx_hal_tim.o(i.HAL_TIM_ConfigClockSource)
    i.HAL_UART_Init                          0x08001bec   Section        0  stm32f1xx_hal_uart.o(i.HAL_UART_Init)
    i.HAL_UART_MspInit                       0x08001c50   Section        0  usart.o(i.HAL_UART_MspInit)
    i.HAL_UART_Transmit                      0x08001cc0   Section        0  stm32f1xx_hal_uart.o(i.HAL_UART_Transmit)
    i.HardFault_Handler                      0x08001d5a   Section        0  stm32f1xx_it.o(i.HardFault_Handler)
    i.I2C_IsAcknowledgeFailed                0x08001d5c   Section        0  stm32f1xx_hal_i2c.o(i.I2C_IsAcknowledgeFailed)
    I2C_IsAcknowledgeFailed                  0x08001d5d   Thumb Code    46  stm32f1xx_hal_i2c.o(i.I2C_IsAcknowledgeFailed)
    i.I2C_MasterRequestRead                  0x08001d8c   Section        0  stm32f1xx_hal_i2c.o(i.I2C_MasterRequestRead)
    I2C_MasterRequestRead                    0x08001d8d   Thumb Code   230  stm32f1xx_hal_i2c.o(i.I2C_MasterRequestRead)
    i.I2C_MasterRequestWrite                 0x08001e78   Section        0  stm32f1xx_hal_i2c.o(i.I2C_MasterRequestWrite)
    I2C_MasterRequestWrite                   0x08001e79   Thumb Code   150  stm32f1xx_hal_i2c.o(i.I2C_MasterRequestWrite)
    i.I2C_WaitOnBTFFlagUntilTimeout          0x08001f14   Section        0  stm32f1xx_hal_i2c.o(i.I2C_WaitOnBTFFlagUntilTimeout)
    I2C_WaitOnBTFFlagUntilTimeout            0x08001f15   Thumb Code    86  stm32f1xx_hal_i2c.o(i.I2C_WaitOnBTFFlagUntilTimeout)
    i.I2C_WaitOnFlagUntilTimeout             0x08001f6c   Section        0  stm32f1xx_hal_i2c.o(i.I2C_WaitOnFlagUntilTimeout)
    I2C_WaitOnFlagUntilTimeout               0x08001f6d   Thumb Code   144  stm32f1xx_hal_i2c.o(i.I2C_WaitOnFlagUntilTimeout)
    i.I2C_WaitOnMasterAddressFlagUntilTimeout 0x08001ffc   Section        0  stm32f1xx_hal_i2c.o(i.I2C_WaitOnMasterAddressFlagUntilTimeout)
    I2C_WaitOnMasterAddressFlagUntilTimeout  0x08001ffd   Thumb Code   188  stm32f1xx_hal_i2c.o(i.I2C_WaitOnMasterAddressFlagUntilTimeout)
    i.I2C_WaitOnRXNEFlagUntilTimeout         0x080020b8   Section        0  stm32f1xx_hal_i2c.o(i.I2C_WaitOnRXNEFlagUntilTimeout)
    I2C_WaitOnRXNEFlagUntilTimeout           0x080020b9   Thumb Code   112  stm32f1xx_hal_i2c.o(i.I2C_WaitOnRXNEFlagUntilTimeout)
    i.I2C_WaitOnTXEFlagUntilTimeout          0x08002128   Section        0  stm32f1xx_hal_i2c.o(i.I2C_WaitOnTXEFlagUntilTimeout)
    I2C_WaitOnTXEFlagUntilTimeout            0x08002129   Thumb Code    86  stm32f1xx_hal_i2c.o(i.I2C_WaitOnTXEFlagUntilTimeout)
    i.MX_GPIO_Init                           0x08002180   Section        0  gpio.o(i.MX_GPIO_Init)
    i.MX_I2C2_Init                           0x08002268   Section        0  i2c.o(i.MX_I2C2_Init)
    i.MX_SPI1_Init                           0x080022a8   Section        0  spi.o(i.MX_SPI1_Init)
    i.MX_SPI2_Init                           0x080022f0   Section        0  spi.o(i.MX_SPI2_Init)
    i.MX_TIM2_Init                           0x08002338   Section        0  tim.o(i.MX_TIM2_Init)
    i.MX_USART1_UART_Init                    0x0800239c   Section        0  usart.o(i.MX_USART1_UART_Init)
    i.MemManage_Handler                      0x080023d4   Section        0  stm32f1xx_it.o(i.MemManage_Handler)
    i.NMI_Handler                            0x080023d6   Section        0  stm32f1xx_it.o(i.NMI_Handler)
    i.Paint_Clear                            0x080023d8   Section        0  gui_paint.o(i.Paint_Clear)
    i.Paint_DrawBitMap                       0x0800247c   Section        0  gui_paint.o(i.Paint_DrawBitMap)
    i.Paint_DrawChar                         0x080024ac   Section        0  gui_paint.o(i.Paint_DrawChar)
    i.Paint_DrawLine                         0x080025a0   Section        0  gui_paint.o(i.Paint_DrawLine)
    i.Paint_DrawNum                          0x080026ac   Section        0  gui_paint.o(i.Paint_DrawNum)
    i.Paint_DrawPoint                        0x0800277c   Section        0  gui_paint.o(i.Paint_DrawPoint)
    i.Paint_DrawString_EN                    0x080028c0   Section        0  gui_paint.o(i.Paint_DrawString_EN)
    i.Paint_NewImage                         0x0800293c   Section        0  gui_paint.o(i.Paint_NewImage)
    i.Paint_SelectImage                      0x08002978   Section        0  gui_paint.o(i.Paint_SelectImage)
    i.Paint_SetPixel                         0x08002984   Section        0  gui_paint.o(i.Paint_SetPixel)
    i.PendSV_Handler                         0x08002aa0   Section        0  stm32f1xx_it.o(i.PendSV_Handler)
    i.SPI_EndRxTxTransaction                 0x08002aa2   Section        0  stm32f1xx_hal_spi.o(i.SPI_EndRxTxTransaction)
    SPI_EndRxTxTransaction                   0x08002aa3   Thumb Code    32  stm32f1xx_hal_spi.o(i.SPI_EndRxTxTransaction)
    i.SPI_WaitFlagStateUntilTimeout          0x08002ac4   Section        0  stm32f1xx_hal_spi.o(i.SPI_WaitFlagStateUntilTimeout)
    SPI_WaitFlagStateUntilTimeout            0x08002ac5   Thumb Code   180  stm32f1xx_hal_spi.o(i.SPI_WaitFlagStateUntilTimeout)
    i.SVC_Handler                            0x08002b7c   Section        0  stm32f1xx_it.o(i.SVC_Handler)
    i.SysTick_Handler                        0x08002b7e   Section        0  stm32f1xx_it.o(i.SysTick_Handler)
    i.SystemClock_Config                     0x08002b82   Section        0  main.o(i.SystemClock_Config)
    i.SystemInit                             0x08002be0   Section        0  system_stm32f1xx.o(i.SystemInit)
    i.TIM_Base_SetConfig                     0x08002be4   Section        0  stm32f1xx_hal_tim.o(i.TIM_Base_SetConfig)
    i.TIM_ETR_SetConfig                      0x08002c50   Section        0  stm32f1xx_hal_tim.o(i.TIM_ETR_SetConfig)
    i.TIM_ITRx_SetConfig                     0x08002c64   Section        0  stm32f1xx_hal_tim.o(i.TIM_ITRx_SetConfig)
    TIM_ITRx_SetConfig                       0x08002c65   Thumb Code    16  stm32f1xx_hal_tim.o(i.TIM_ITRx_SetConfig)
    i.TIM_TI1_ConfigInputStage               0x08002c74   Section        0  stm32f1xx_hal_tim.o(i.TIM_TI1_ConfigInputStage)
    TIM_TI1_ConfigInputStage                 0x08002c75   Thumb Code    34  stm32f1xx_hal_tim.o(i.TIM_TI1_ConfigInputStage)
    i.TIM_TI2_ConfigInputStage               0x08002c96   Section        0  stm32f1xx_hal_tim.o(i.TIM_TI2_ConfigInputStage)
    TIM_TI2_ConfigInputStage                 0x08002c97   Thumb Code    36  stm32f1xx_hal_tim.o(i.TIM_TI2_ConfigInputStage)
    i.UART_SetConfig                         0x08002cbc   Section        0  stm32f1xx_hal_uart.o(i.UART_SetConfig)
    UART_SetConfig                           0x08002cbd   Thumb Code   178  stm32f1xx_hal_uart.o(i.UART_SetConfig)
    i.UART_WaitOnFlagUntilTimeout            0x08002d74   Section        0  stm32f1xx_hal_uart.o(i.UART_WaitOnFlagUntilTimeout)
    UART_WaitOnFlagUntilTimeout              0x08002d75   Thumb Code   120  stm32f1xx_hal_uart.o(i.UART_WaitOnFlagUntilTimeout)
    i.UsageFault_Handler                     0x08002dec   Section        0  stm32f1xx_it.o(i.UsageFault_Handler)
    i.__0printf$3                            0x08002df0   Section        0  printf3.o(i.__0printf$3)
    i.__0sprintf$3                           0x08002e10   Section        0  printf3.o(i.__0sprintf$3)
    i.__NVIC_SetPriority                     0x08002e38   Section        0  stm32f1xx_hal_cortex.o(i.__NVIC_SetPriority)
    __NVIC_SetPriority                       0x08002e39   Thumb Code    32  stm32f1xx_hal_cortex.o(i.__NVIC_SetPriority)
    i.__scatterload_copy                     0x08002e58   Section       14  handlers.o(i.__scatterload_copy)
    i.__scatterload_null                     0x08002e66   Section        2  handlers.o(i.__scatterload_null)
    i.__scatterload_zeroinit                 0x08002e68   Section       14  handlers.o(i.__scatterload_zeroinit)
    i._printf_core                           0x08002e78   Section        0  printf3.o(i._printf_core)
    _printf_core                             0x08002e79   Thumb Code   436  printf3.o(i._printf_core)
    i._sputc                                 0x08003030   Section        0  printf3.o(i._sputc)
    _sputc                                   0x08003031   Thumb Code    10  printf3.o(i._sputc)
    i.fputc                                  0x0800303c   Section        0  usart.o(i.fputc)
    i.main                                   0x08003054   Section        0  main.o(i.main)
    i.sgp30_crc                              0x08003130   Section        0  sgp30.o(i.sgp30_crc)
    i.sgp30_init                             0x08003164   Section        0  sgp30.o(i.sgp30_init)
    i.sgp30_read                             0x0800318c   Section        0  sgp30.o(i.sgp30_read)
    .constdata                               0x0800320c   Section    14208  epaper.o(.constdata)
    gImage_aqi                               0x0800320c   Data        4736  epaper.o(.constdata)
    gImage_2in9bc_b                          0x0800448c   Data        4736  epaper.o(.constdata)
    gImage_2in9bc_ry                         0x0800570c   Data        4736  epaper.o(.constdata)
    .constdata                               0x0800698c   Section       18  stm32f1xx_hal_rcc.o(.constdata)
    aPredivFactorTable                       0x0800698c   Data           2  stm32f1xx_hal_rcc.o(.constdata)
    aPLLMULFactorTable                       0x0800698e   Data          16  stm32f1xx_hal_rcc.o(.constdata)
    .constdata                               0x0800699e   Section       16  system_stm32f1xx.o(.constdata)
    .constdata                               0x080069ae   Section        8  system_stm32f1xx.o(.constdata)
    .constdata                               0x080069b6   Section     6840  font24.o(.constdata)
    .conststring                             0x08008470   Section       68  gui_paint.o(.conststring)
    .data                                    0x20000000   Section       12  stm32f1xx_hal.o(.data)
    .data                                    0x2000000c   Section        4  system_stm32f1xx.o(.data)
    .data                                    0x20000010   Section        8  font24.o(.data)
    .data                                    0x20000018   Section        4  stdout.o(.data)
    .bss                                     0x2000001c   Section      416  epaper.o(.bss)
    .bss                                     0x200001bc   Section       84  i2c.o(.bss)
    .bss                                     0x20000210   Section      176  spi.o(.bss)
    .bss                                     0x200002c0   Section       72  tim.o(.bss)
    .bss                                     0x20000308   Section       72  usart.o(.bss)
    .bss                                     0x20000350   Section       24  gui_paint.o(.bss)
    STACK                                    0x20000368   Section    16384  startup_stm32f103xb.o(STACK)

    Global Symbols

    Symbol Name                              Value     Ov Type        Size  Object(Section)

    BuildAttributes$$THM_ISAv4$P$D$K$B$S$PE$A:L22UL41UL21$X:L11$S22US41US21$IEEE1$IW$USESV6$~STKCKD$USESV7$~SHL$OTIME$ROPI$EBA8$MICROLIB$REQ8$PRES8$EABIv2 0x00000000   Number         0  anon$$obj.o ABSOLUTE
    __ARM_use_no_argv                        0x00000000   Number         0  main.o ABSOLUTE
    _printf_a                                0x00000000   Number         0  stubs.o ABSOLUTE
    _printf_c                                0x00000000   Number         0  stubs.o ABSOLUTE
    _printf_charcount                        0x00000000   Number         0  stubs.o ABSOLUTE
    _printf_d                                0x00000000   Number         0  stubs.o ABSOLUTE
    _printf_e                                0x00000000   Number         0  stubs.o ABSOLUTE
    _printf_f                                0x00000000   Number         0  stubs.o ABSOLUTE
    _printf_flags                            0x00000000   Number         0  stubs.o ABSOLUTE
    _printf_fp_dec                           0x00000000   Number         0  stubs.o ABSOLUTE
    _printf_fp_hex                           0x00000000   Number         0  stubs.o ABSOLUTE
    _printf_g                                0x00000000   Number         0  stubs.o ABSOLUTE
    _printf_i                                0x00000000   Number         0  stubs.o ABSOLUTE
    _printf_int_dec                          0x00000000   Number         0  stubs.o ABSOLUTE
    _printf_l                                0x00000000   Number         0  stubs.o ABSOLUTE
    _printf_lc                               0x00000000   Number         0  stubs.o ABSOLUTE
    _printf_ll                               0x00000000   Number         0  stubs.o ABSOLUTE
    _printf_lld                              0x00000000   Number         0  stubs.o ABSOLUTE
    _printf_lli                              0x00000000   Number         0  stubs.o ABSOLUTE
    _printf_llo                              0x00000000   Number         0  stubs.o ABSOLUTE
    _printf_llu                              0x00000000   Number         0  stubs.o ABSOLUTE
    _printf_llx                              0x00000000   Number         0  stubs.o ABSOLUTE
    _printf_longlong_dec                     0x00000000   Number         0  stubs.o ABSOLUTE
    _printf_longlong_hex                     0x00000000   Number         0  stubs.o ABSOLUTE
    _printf_longlong_oct                     0x00000000   Number         0  stubs.o ABSOLUTE
    _printf_ls                               0x00000000   Number         0  stubs.o ABSOLUTE
    _printf_mbtowc                           0x00000000   Number         0  stubs.o ABSOLUTE
    _printf_n                                0x00000000   Number         0  stubs.o ABSOLUTE
    _printf_o                                0x00000000   Number         0  stubs.o ABSOLUTE
    _printf_p                                0x00000000   Number         0  stubs.o ABSOLUTE
    _printf_percent                          0x00000000   Number         0  stubs.o ABSOLUTE
    _printf_pre_padding                      0x00000000   Number         0  stubs.o ABSOLUTE
    _printf_return_value                     0x00000000   Number         0  stubs.o ABSOLUTE
    _printf_s                                0x00000000   Number         0  stubs.o ABSOLUTE
    _printf_sizespec                         0x00000000   Number         0  stubs.o ABSOLUTE
    _printf_str                              0x00000000   Number         0  stubs.o ABSOLUTE
    _printf_truncate_signed                  0x00000000   Number         0  stubs.o ABSOLUTE
    _printf_truncate_unsigned                0x00000000   Number         0  stubs.o ABSOLUTE
    _printf_u                                0x00000000   Number         0  stubs.o ABSOLUTE
    _printf_wc                               0x00000000   Number         0  stubs.o ABSOLUTE
    _printf_wctomb                           0x00000000   Number         0  stubs.o ABSOLUTE
    _printf_widthprec                        0x00000000   Number         0  stubs.o ABSOLUTE
    _printf_x                                0x00000000   Number         0  stubs.o ABSOLUTE
    __arm_fini_                               - Undefined Weak Reference
    __cpp_initialize__aeabi_                  - Undefined Weak Reference
    __cxa_finalize                            - Undefined Weak Reference
    __decompress                              - Undefined Weak Reference
    _clock_init                               - Undefined Weak Reference
    _microlib_exit                            - Undefined Weak Reference
    __Vectors_Size                           0x000000ec   Number         0  startup_stm32f103xb.o ABSOLUTE
    __Vectors                                0x08000000   Data           4  startup_stm32f103xb.o(RESET)
    __Vectors_End                            0x080000ec   Data           0  startup_stm32f103xb.o(RESET)
    __main                                   0x080000ed   Thumb Code     0  entry.o(.ARM.Collect$$$$00000000)
    _main_stk                                0x080000ed   Thumb Code     0  entry2.o(.ARM.Collect$$$$00000001)
    _main_scatterload                        0x080000f1   Thumb Code     0  entry5.o(.ARM.Collect$$$$00000004)
    __main_after_scatterload                 0x080000f5   Thumb Code     0  entry5.o(.ARM.Collect$$$$00000004)
    _main_clock                              0x080000f5   Thumb Code     0  entry7b.o(.ARM.Collect$$$$00000008)
    _main_cpp_init                           0x080000f5   Thumb Code     0  entry8b.o(.ARM.Collect$$$$0000000A)
    _main_init                               0x080000f5   Thumb Code     0  entry9a.o(.ARM.Collect$$$$0000000B)
    __rt_lib_shutdown_fini                   0x080000fd   Thumb Code     0  entry12b.o(.ARM.Collect$$$$0000000E)
    __rt_final_cpp                           0x08000101   Thumb Code     0  entry10a.o(.ARM.Collect$$$$0000000F)
    __rt_final_exit                          0x08000101   Thumb Code     0  entry11a.o(.ARM.Collect$$$$00000011)
    Reset_Handler                            0x08000105   Thumb Code     8  startup_stm32f103xb.o(.text)
    ADC1_2_IRQHandler                        0x0800011f   Thumb Code     0  startup_stm32f103xb.o(.text)
    CAN1_RX1_IRQHandler                      0x0800011f   Thumb Code     0  startup_stm32f103xb.o(.text)
    CAN1_SCE_IRQHandler                      0x0800011f   Thumb Code     0  startup_stm32f103xb.o(.text)
    DMA1_Channel1_IRQHandler                 0x0800011f   Thumb Code     0  startup_stm32f103xb.o(.text)
    DMA1_Channel2_IRQHandler                 0x0800011f   Thumb Code     0  startup_stm32f103xb.o(.text)
    DMA1_Channel3_IRQHandler                 0x0800011f   Thumb Code     0  startup_stm32f103xb.o(.text)
    DMA1_Channel4_IRQHandler                 0x0800011f   Thumb Code     0  startup_stm32f103xb.o(.text)
    DMA1_Channel5_IRQHandler                 0x0800011f   Thumb Code     0  startup_stm32f103xb.o(.text)
    DMA1_Channel6_IRQHandler                 0x0800011f   Thumb Code     0  startup_stm32f103xb.o(.text)
    DMA1_Channel7_IRQHandler                 0x0800011f   Thumb Code     0  startup_stm32f103xb.o(.text)
    EXTI0_IRQHandler                         0x0800011f   Thumb Code     0  startup_stm32f103xb.o(.text)
    EXTI15_10_IRQHandler                     0x0800011f   Thumb Code     0  startup_stm32f103xb.o(.text)
    EXTI1_IRQHandler                         0x0800011f   Thumb Code     0  startup_stm32f103xb.o(.text)
    EXTI2_IRQHandler                         0x0800011f   Thumb Code     0  startup_stm32f103xb.o(.text)
    EXTI3_IRQHandler                         0x0800011f   Thumb Code     0  startup_stm32f103xb.o(.text)
    EXTI4_IRQHandler                         0x0800011f   Thumb Code     0  startup_stm32f103xb.o(.text)
    EXTI9_5_IRQHandler                       0x0800011f   Thumb Code     0  startup_stm32f103xb.o(.text)
    FLASH_IRQHandler                         0x0800011f   Thumb Code     0  startup_stm32f103xb.o(.text)
    I2C1_ER_IRQHandler                       0x0800011f   Thumb Code     0  startup_stm32f103xb.o(.text)
    I2C1_EV_IRQHandler                       0x0800011f   Thumb Code     0  startup_stm32f103xb.o(.text)
    I2C2_ER_IRQHandler                       0x0800011f   Thumb Code     0  startup_stm32f103xb.o(.text)
    I2C2_EV_IRQHandler                       0x0800011f   Thumb Code     0  startup_stm32f103xb.o(.text)
    PVD_IRQHandler                           0x0800011f   Thumb Code     0  startup_stm32f103xb.o(.text)
    RCC_IRQHandler                           0x0800011f   Thumb Code     0  startup_stm32f103xb.o(.text)
    RTC_Alarm_IRQHandler                     0x0800011f   Thumb Code     0  startup_stm32f103xb.o(.text)
    RTC_IRQHandler                           0x0800011f   Thumb Code     0  startup_stm32f103xb.o(.text)
    SPI1_IRQHandler                          0x0800011f   Thumb Code     0  startup_stm32f103xb.o(.text)
    SPI2_IRQHandler                          0x0800011f   Thumb Code     0  startup_stm32f103xb.o(.text)
    TAMPER_IRQHandler                        0x0800011f   Thumb Code     0  startup_stm32f103xb.o(.text)
    TIM1_BRK_IRQHandler                      0x0800011f   Thumb Code     0  startup_stm32f103xb.o(.text)
    TIM1_CC_IRQHandler                       0x0800011f   Thumb Code     0  startup_stm32f103xb.o(.text)
    TIM1_TRG_COM_IRQHandler                  0x0800011f   Thumb Code     0  startup_stm32f103xb.o(.text)
    TIM1_UP_IRQHandler                       0x0800011f   Thumb Code     0  startup_stm32f103xb.o(.text)
    TIM2_IRQHandler                          0x0800011f   Thumb Code     0  startup_stm32f103xb.o(.text)
    TIM3_IRQHandler                          0x0800011f   Thumb Code     0  startup_stm32f103xb.o(.text)
    TIM4_IRQHandler                          0x0800011f   Thumb Code     0  startup_stm32f103xb.o(.text)
    USART1_IRQHandler                        0x0800011f   Thumb Code     0  startup_stm32f103xb.o(.text)
    USART2_IRQHandler                        0x0800011f   Thumb Code     0  startup_stm32f103xb.o(.text)
    USART3_IRQHandler                        0x0800011f   Thumb Code     0  startup_stm32f103xb.o(.text)
    USBWakeUp_IRQHandler                     0x0800011f   Thumb Code     0  startup_stm32f103xb.o(.text)
    USB_HP_CAN1_TX_IRQHandler                0x0800011f   Thumb Code     0  startup_stm32f103xb.o(.text)
    USB_LP_CAN1_RX0_IRQHandler               0x0800011f   Thumb Code     0  startup_stm32f103xb.o(.text)
    WWDG_IRQHandler                          0x0800011f   Thumb Code     0  startup_stm32f103xb.o(.text)
    __aeabi_memset                           0x08000129   Thumb Code    14  memseta.o(.text)
    __aeabi_memset4                          0x08000129   Thumb Code     0  memseta.o(.text)
    __aeabi_memset8                          0x08000129   Thumb Code     0  memseta.o(.text)
    __aeabi_memclr                           0x08000137   Thumb Code     4  memseta.o(.text)
    __aeabi_memclr4                          0x08000137   Thumb Code     0  memseta.o(.text)
    __aeabi_memclr8                          0x08000137   Thumb Code     0  memseta.o(.text)
    _memset$wrapper                          0x0800013b   Thumb Code    18  memseta.o(.text)
    __aeabi_uidiv                            0x0800014d   Thumb Code     0  uidiv.o(.text)
    __aeabi_uidivmod                         0x0800014d   Thumb Code    44  uidiv.o(.text)
    __scatterload                            0x08000179   Thumb Code    28  init.o(.text)
    __scatterload_rt2                        0x08000179   Thumb Code     0  init.o(.text)
    BusFault_Handler                         0x0800019d   Thumb Code     2  stm32f1xx_it.o(i.BusFault_Handler)
    DEV_Module_Init                          0x080001a1   Thumb Code    50  dev_config.o(i.DEV_Module_Init)
    DEV_SPI_WriteByte                        0x080001dd   Thumb Code    18  dev_config.o(i.DEV_SPI_WriteByte)
    DHT11_REC_Data                           0x080001f5   Thumb Code   158  dht11.o(i.DHT11_REC_Data)
    DHT11_Rec_Byte                           0x080002a9   Thumb Code    68  dht11.o(i.DHT11_Rec_Byte)
    DHT11_Start                              0x080002f1   Thumb Code    64  dht11.o(i.DHT11_Start)
    DHT_GPIO_Init_IN                         0x08000335   Thumb Code    94  dht11.o(i.DHT_GPIO_Init_IN)
    DHT_GPIO_Init_OUT                        0x0800039d   Thumb Code   118  dht11.o(i.DHT_GPIO_Init_OUT)
    DebugMon_Handler                         0x0800041d   Thumb Code     2  stm32f1xx_it.o(i.DebugMon_Handler)
    EPD_2IN9BC_Display                       0x08000421   Thumb Code   122  epd_2in9bc.o(i.EPD_2IN9BC_Display)
    EPD_2IN9BC_Init                          0x0800049d   Thumb Code   150  epd_2in9bc.o(i.EPD_2IN9BC_Init)
    EPD_2IN9BC_ReadBusy                      0x08000539   Thumb Code    40  epd_2in9bc.o(i.EPD_2IN9BC_ReadBusy)
    EPD_2IN9BC_Sleep                         0x0800060d   Thumb Code    28  epd_2in9bc.o(i.EPD_2IN9BC_Sleep)
    EPD_2in9bc_aqi                           0x08000629   Thumb Code   430  epaper.o(i.EPD_2in9bc_aqi)
    EPD_wave_genPointDiff_Y                  0x0800084d   Thumb Code    32  epaper.o(i.EPD_wave_genPointDiff_Y)
    EPD_wave_paint_dot                       0x0800086d   Thumb Code    74  epaper.o(i.EPD_wave_paint_dot)
    EPD_wave_paint_line                      0x080008c9   Thumb Code    76  epaper.o(i.EPD_wave_paint_line)
    EPD_wave_refreshPoints                   0x08000925   Thumb Code    74  epaper.o(i.EPD_wave_refreshPoints)
    Error_Handler                            0x0800097d   Thumb Code     4  main.o(i.Error_Handler)
    HAL_Delay                                0x08000981   Thumb Code    32  stm32f1xx_hal.o(i.HAL_Delay)
    HAL_Delay_us                             0x080009a5   Thumb Code    54  dht11.o(i.HAL_Delay_us)
    HAL_GPIO_Init                            0x080009e1   Thumb Code   446  stm32f1xx_hal_gpio.o(i.HAL_GPIO_Init)
    HAL_GPIO_ReadPin                         0x08000bc1   Thumb Code    10  stm32f1xx_hal_gpio.o(i.HAL_GPIO_ReadPin)
    HAL_GPIO_TogglePin                       0x08000bcb   Thumb Code    16  stm32f1xx_hal_gpio.o(i.HAL_GPIO_TogglePin)
    HAL_GPIO_WritePin                        0x08000bdb   Thumb Code    10  stm32f1xx_hal_gpio.o(i.HAL_GPIO_WritePin)
    HAL_GetTick                              0x08000be5   Thumb Code     6  stm32f1xx_hal.o(i.HAL_GetTick)
    HAL_I2C_Init                             0x08000bf1   Thumb Code   376  stm32f1xx_hal_i2c.o(i.HAL_I2C_Init)
    HAL_I2C_Master_Receive                   0x08000d79   Thumb Code   576  stm32f1xx_hal_i2c.o(i.HAL_I2C_Master_Receive)
    HAL_I2C_Master_Transmit                  0x08000fc9   Thumb Code   290  stm32f1xx_hal_i2c.o(i.HAL_I2C_Master_Transmit)
    HAL_I2C_MspInit                          0x080010f5   Thumb Code    82  i2c.o(i.HAL_I2C_MspInit)
    HAL_IncTick                              0x08001155   Thumb Code    12  stm32f1xx_hal.o(i.HAL_IncTick)
    HAL_Init                                 0x08001165   Thumb Code    32  stm32f1xx_hal.o(i.HAL_Init)
    HAL_InitTick                             0x08001189   Thumb Code    54  stm32f1xx_hal.o(i.HAL_InitTick)
    HAL_MspInit                              0x080011c9   Thumb Code    52  stm32f1xx_hal_msp.o(i.HAL_MspInit)
    HAL_NVIC_SetPriority                     0x08001205   Thumb Code    60  stm32f1xx_hal_cortex.o(i.HAL_NVIC_SetPriority)
    HAL_NVIC_SetPriorityGrouping             0x08001245   Thumb Code    26  stm32f1xx_hal_cortex.o(i.HAL_NVIC_SetPriorityGrouping)
    HAL_RCC_ClockConfig                      0x08001269   Thumb Code   280  stm32f1xx_hal_rcc.o(i.HAL_RCC_ClockConfig)
    HAL_RCC_GetPCLK1Freq                     0x08001395   Thumb Code    20  stm32f1xx_hal_rcc.o(i.HAL_RCC_GetPCLK1Freq)
    HAL_RCC_GetPCLK2Freq                     0x080013b5   Thumb Code    20  stm32f1xx_hal_rcc.o(i.HAL_RCC_GetPCLK2Freq)
    HAL_RCC_GetSysClockFreq                  0x080013d5   Thumb Code    58  stm32f1xx_hal_rcc.o(i.HAL_RCC_GetSysClockFreq)
    HAL_RCC_OscConfig                        0x08001421   Thumb Code   778  stm32f1xx_hal_rcc.o(i.HAL_RCC_OscConfig)
    HAL_SPI_Init                             0x08001741   Thumb Code   178  stm32f1xx_hal_spi.o(i.HAL_SPI_Init)
    HAL_SPI_MspInit                          0x080017f5   Thumb Code   134  spi.o(i.HAL_SPI_MspInit)
    HAL_SPI_Transmit                         0x08001891   Thumb Code   366  stm32f1xx_hal_spi.o(i.HAL_SPI_Transmit)
    HAL_SYSTICK_Config                       0x080019ff   Thumb Code    40  stm32f1xx_hal_cortex.o(i.HAL_SYSTICK_Config)
    HAL_TIMEx_MasterConfigSynchronization    0x08001a29   Thumb Code    92  stm32f1xx_hal_tim_ex.o(i.HAL_TIMEx_MasterConfigSynchronization)
    HAL_TIM_Base_Init                        0x08001a91   Thumb Code    90  stm32f1xx_hal_tim.o(i.HAL_TIM_Base_Init)
    HAL_TIM_Base_MspInit                     0x08001aed   Thumb Code    30  tim.o(i.HAL_TIM_Base_MspInit)
    HAL_TIM_ConfigClockSource                0x08001b11   Thumb Code   220  stm32f1xx_hal_tim.o(i.HAL_TIM_ConfigClockSource)
    HAL_UART_Init                            0x08001bed   Thumb Code   100  stm32f1xx_hal_uart.o(i.HAL_UART_Init)
    HAL_UART_MspInit                         0x08001c51   Thumb Code   100  usart.o(i.HAL_UART_MspInit)
    HAL_UART_Transmit                        0x08001cc1   Thumb Code   154  stm32f1xx_hal_uart.o(i.HAL_UART_Transmit)
    HardFault_Handler                        0x08001d5b   Thumb Code     2  stm32f1xx_it.o(i.HardFault_Handler)
    MX_GPIO_Init                             0x08002181   Thumb Code   214  gpio.o(i.MX_GPIO_Init)
    MX_I2C2_Init                             0x08002269   Thumb Code    50  i2c.o(i.MX_I2C2_Init)
    MX_SPI1_Init                             0x080022a9   Thumb Code    64  spi.o(i.MX_SPI1_Init)
    MX_SPI2_Init                             0x080022f1   Thumb Code    62  spi.o(i.MX_SPI2_Init)
    MX_TIM2_Init                             0x08002339   Thumb Code    96  tim.o(i.MX_TIM2_Init)
    MX_USART1_UART_Init                      0x0800239d   Thumb Code    48  usart.o(i.MX_USART1_UART_Init)
    MemManage_Handler                        0x080023d5   Thumb Code     2  stm32f1xx_it.o(i.MemManage_Handler)
    NMI_Handler                              0x080023d7   Thumb Code     2  stm32f1xx_it.o(i.NMI_Handler)
    Paint_Clear                              0x080023d9   Thumb Code   158  gui_paint.o(i.Paint_Clear)
    Paint_DrawBitMap                         0x0800247d   Thumb Code    44  gui_paint.o(i.Paint_DrawBitMap)
    Paint_DrawChar                           0x080024ad   Thumb Code   176  gui_paint.o(i.Paint_DrawChar)
    Paint_DrawLine                           0x080025a1   Thumb Code   200  gui_paint.o(i.Paint_DrawLine)
    Paint_DrawNum                            0x080026ad   Thumb Code   140  gui_paint.o(i.Paint_DrawNum)
    Paint_DrawPoint                          0x0800277d   Thumb Code   178  gui_paint.o(i.Paint_DrawPoint)
    Paint_DrawString_EN                      0x080028c1   Thumb Code   116  gui_paint.o(i.Paint_DrawString_EN)
    Paint_NewImage                           0x0800293d   Thumb Code    56  gui_paint.o(i.Paint_NewImage)
    Paint_SelectImage                        0x08002979   Thumb Code     6  gui_paint.o(i.Paint_SelectImage)
    Paint_SetPixel                           0x08002985   Thumb Code   238  gui_paint.o(i.Paint_SetPixel)
    PendSV_Handler                           0x08002aa1   Thumb Code     2  stm32f1xx_it.o(i.PendSV_Handler)
    SVC_Handler                              0x08002b7d   Thumb Code     2  stm32f1xx_it.o(i.SVC_Handler)
    SysTick_Handler                          0x08002b7f   Thumb Code     4  stm32f1xx_it.o(i.SysTick_Handler)
    SystemClock_Config                       0x08002b83   Thumb Code    94  main.o(i.SystemClock_Config)
    SystemInit                               0x08002be1   Thumb Code     2  system_stm32f1xx.o(i.SystemInit)
    TIM_Base_SetConfig                       0x08002be5   Thumb Code    94  stm32f1xx_hal_tim.o(i.TIM_Base_SetConfig)
    TIM_ETR_SetConfig                        0x08002c51   Thumb Code    20  stm32f1xx_hal_tim.o(i.TIM_ETR_SetConfig)
    UsageFault_Handler                       0x08002ded   Thumb Code     2  stm32f1xx_it.o(i.UsageFault_Handler)
    __0printf$3                              0x08002df1   Thumb Code    22  printf3.o(i.__0printf$3)
    __1printf$3                              0x08002df1   Thumb Code     0  printf3.o(i.__0printf$3)
    __2printf                                0x08002df1   Thumb Code     0  printf3.o(i.__0printf$3)
    __0sprintf$3                             0x08002e11   Thumb Code    34  printf3.o(i.__0sprintf$3)
    __1sprintf$3                             0x08002e11   Thumb Code     0  printf3.o(i.__0sprintf$3)
    __2sprintf                               0x08002e11   Thumb Code     0  printf3.o(i.__0sprintf$3)
    __scatterload_copy                       0x08002e59   Thumb Code    14  handlers.o(i.__scatterload_copy)
    __scatterload_null                       0x08002e67   Thumb Code     2  handlers.o(i.__scatterload_null)
    __scatterload_zeroinit                   0x08002e69   Thumb Code    14  handlers.o(i.__scatterload_zeroinit)
    fputc                                    0x0800303d   Thumb Code    20  usart.o(i.fputc)
    main                                     0x08003055   Thumb Code   174  main.o(i.main)
    sgp30_crc                                0x08003131   Thumb Code    50  sgp30.o(i.sgp30_crc)
    sgp30_init                               0x08003165   Thumb Code    32  sgp30.o(i.sgp30_init)
    sgp30_read                               0x0800318d   Thumb Code   120  sgp30.o(i.sgp30_read)
    AHBPrescTable                            0x0800699e   Data          16  system_stm32f1xx.o(.constdata)
    APBPrescTable                            0x080069ae   Data           8  system_stm32f1xx.o(.constdata)
    Font24_Table                             0x080069b6   Data        6840  font24.o(.constdata)
    Region$$Table$$Base                      0x080084b4   Number         0  anon$$obj.o(Region$$Table)
    Region$$Table$$Limit                     0x080084d4   Number         0  anon$$obj.o(Region$$Table)
    uwTickFreq                               0x20000000   Data           1  stm32f1xx_hal.o(.data)
    uwTickPrio                               0x20000004   Data           4  stm32f1xx_hal.o(.data)
    uwTick                                   0x20000008   Data           4  stm32f1xx_hal.o(.data)
    SystemCoreClock                          0x2000000c   Data           4  system_stm32f1xx.o(.data)
    Font24                                   0x20000010   Data           8  font24.o(.data)
    __stdout                                 0x20000018   Data           4  stdout.o(.data)
    wave_temp                                0x2000001c   Data         104  epaper.o(.bss)
    wave_rh                                  0x20000084   Data         104  epaper.o(.bss)
    wave_co2                                 0x200000ec   Data         104  epaper.o(.bss)
    wave_tvoc                                0x20000154   Data         104  epaper.o(.bss)
    hi2c2                                    0x200001bc   Data          84  i2c.o(.bss)
    hspi1                                    0x20000210   Data          88  spi.o(.bss)
    hspi2                                    0x20000268   Data          88  spi.o(.bss)
    htim2                                    0x200002c0   Data          72  tim.o(.bss)
    huart1                                   0x20000308   Data          72  usart.o(.bss)
    Paint                                    0x20000350   Data          24  gui_paint.o(.bss)
    __initial_sp                             0x20004368   Data           0  startup_stm32f103xb.o(STACK)



==============================================================================

Memory Map of the image

  Image Entry point : 0x080000ed

  Load Region LR_IROM1 (Base: 0x08000000, Size: 0x000084f0, Max: 0x00010000, ABSOLUTE)

    Execution Region ER_IROM1 (Exec base: 0x08000000, Load base: 0x08000000, Size: 0x000084d4, Max: 0x00010000, ABSOLUTE)

    Exec Addr    Load Addr    Size         Type   Attr      Idx    E Section Name        Object

    0x08000000   0x08000000   0x000000ec   Data   RO            3    RESET               startup_stm32f103xb.o
    0x080000ec   0x080000ec   0x00000000   Code   RO         6949  * .ARM.Collect$$$$00000000  mc_w.l(entry.o)
    0x080000ec   0x080000ec   0x00000004   Code   RO         7257    .ARM.Collect$$$$00000001  mc_w.l(entry2.o)
    0x080000f0   0x080000f0   0x00000004   Code   RO         7260    .ARM.Collect$$$$00000004  mc_w.l(entry5.o)
    0x080000f4   0x080000f4   0x00000000   Code   RO         7262    .ARM.Collect$$$$00000008  mc_w.l(entry7b.o)
    0x080000f4   0x080000f4   0x00000000   Code   RO         7264    .ARM.Collect$$$$0000000A  mc_w.l(entry8b.o)
    0x080000f4   0x080000f4   0x00000008   Code   RO         7265    .ARM.Collect$$$$0000000B  mc_w.l(entry9a.o)
    0x080000fc   0x080000fc   0x00000004   Code   RO         7272    .ARM.Collect$$$$0000000E  mc_w.l(entry12b.o)
    0x08000100   0x08000100   0x00000000   Code   RO         7267    .ARM.Collect$$$$0000000F  mc_w.l(entry10a.o)
    0x08000100   0x08000100   0x00000000   Code   RO         7269    .ARM.Collect$$$$00000011  mc_w.l(entry11a.o)
    0x08000100   0x08000100   0x00000004   Code   RO         7258    .ARM.Collect$$$$00002712  mc_w.l(entry2.o)
    0x08000104   0x08000104   0x00000024   Code   RO            4    .text               startup_stm32f103xb.o
    0x08000128   0x08000128   0x00000024   Code   RO         6954    .text               mc_w.l(memseta.o)
    0x0800014c   0x0800014c   0x0000002c   Code   RO         7274    .text               mc_w.l(uidiv.o)
    0x08000178   0x08000178   0x00000024   Code   RO         7301    .text               mc_w.l(init.o)
    0x0800019c   0x0800019c   0x00000002   Code   RO          651    i.BusFault_Handler  stm32f1xx_it.o
    0x0800019e   0x0800019e   0x00000002   PAD
    0x080001a0   0x080001a0   0x0000003c   Code   RO         6440    i.DEV_Module_Init   dev_config.o
    0x080001dc   0x080001dc   0x00000018   Code   RO         6441    i.DEV_SPI_WriteByte  dev_config.o
    0x080001f4   0x080001f4   0x000000b4   Code   RO          150    i.DHT11_REC_Data    dht11.o
    0x080002a8   0x080002a8   0x00000048   Code   RO          151    i.DHT11_Rec_Byte    dht11.o
    0x080002f0   0x080002f0   0x00000044   Code   RO          152    i.DHT11_Start       dht11.o
    0x08000334   0x08000334   0x00000068   Code   RO          153    i.DHT_GPIO_Init_IN  dht11.o
    0x0800039c   0x0800039c   0x00000080   Code   RO          154    i.DHT_GPIO_Init_OUT  dht11.o
    0x0800041c   0x0800041c   0x00000002   Code   RO          652    i.DebugMon_Handler  stm32f1xx_it.o
    0x0800041e   0x0800041e   0x00000002   PAD
    0x08000420   0x08000420   0x0000007a   Code   RO         6562    i.EPD_2IN9BC_Display  epd_2in9bc.o
    0x0800049a   0x0800049a   0x00000002   PAD
    0x0800049c   0x0800049c   0x0000009c   Code   RO         6564    i.EPD_2IN9BC_Init   epd_2in9bc.o
    0x08000538   0x08000538   0x00000064   Code   RO         6565    i.EPD_2IN9BC_ReadBusy  epd_2in9bc.o
    0x0800059c   0x0800059c   0x00000038   Code   RO         6566    i.EPD_2IN9BC_SendCommand  epd_2in9bc.o
    0x080005d4   0x080005d4   0x00000038   Code   RO         6567    i.EPD_2IN9BC_SendData  epd_2in9bc.o
    0x0800060c   0x0800060c   0x0000001c   Code   RO         6568    i.EPD_2IN9BC_Sleep  epd_2in9bc.o
    0x08000628   0x08000628   0x00000224   Code   RO          218    i.EPD_2in9bc_aqi    epaper.o
    0x0800084c   0x0800084c   0x00000020   Code   RO          220    i.EPD_wave_genPointDiff_Y  epaper.o
    0x0800086c   0x0800086c   0x0000005c   Code   RO          221    i.EPD_wave_paint_dot  epaper.o
    0x080008c8   0x080008c8   0x0000005c   Code   RO          222    i.EPD_wave_paint_line  epaper.o
    0x08000924   0x08000924   0x00000058   Code   RO          223    i.EPD_wave_refreshPoints  epaper.o
    0x0800097c   0x0800097c   0x00000004   Code   RO          395    i.Error_Handler     main.o
    0x08000980   0x08000980   0x00000024   Code   RO         1230    i.HAL_Delay         stm32f1xx_hal.o
    0x080009a4   0x080009a4   0x0000003c   Code   RO          155    i.HAL_Delay_us      dht11.o
    0x080009e0   0x080009e0   0x000001e0   Code   RO         1540    i.HAL_GPIO_Init     stm32f1xx_hal_gpio.o
    0x08000bc0   0x08000bc0   0x0000000a   Code   RO         1542    i.HAL_GPIO_ReadPin  stm32f1xx_hal_gpio.o
    0x08000bca   0x08000bca   0x00000010   Code   RO         1543    i.HAL_GPIO_TogglePin  stm32f1xx_hal_gpio.o
    0x08000bda   0x08000bda   0x0000000a   Code   RO         1544    i.HAL_GPIO_WritePin  stm32f1xx_hal_gpio.o
    0x08000be4   0x08000be4   0x0000000c   Code   RO         1234    i.HAL_GetTick       stm32f1xx_hal.o
    0x08000bf0   0x08000bf0   0x00000188   Code   RO          797    i.HAL_I2C_Init      stm32f1xx_hal_i2c.o
    0x08000d78   0x08000d78   0x00000250   Code   RO          803    i.HAL_I2C_Master_Receive  stm32f1xx_hal_i2c.o
    0x08000fc8   0x08000fc8   0x0000012c   Code   RO          810    i.HAL_I2C_Master_Transmit  stm32f1xx_hal_i2c.o
    0x080010f4   0x080010f4   0x00000060   Code   RO          466    i.HAL_I2C_MspInit   i2c.o
    0x08001154   0x08001154   0x00000010   Code   RO         1240    i.HAL_IncTick       stm32f1xx_hal.o
    0x08001164   0x08001164   0x00000024   Code   RO         1241    i.HAL_Init          stm32f1xx_hal.o
    0x08001188   0x08001188   0x00000040   Code   RO         1242    i.HAL_InitTick      stm32f1xx_hal.o
    0x080011c8   0x080011c8   0x0000003c   Code   RO          726    i.HAL_MspInit       stm32f1xx_hal_msp.o
    0x08001204   0x08001204   0x00000040   Code   RO         1706    i.HAL_NVIC_SetPriority  stm32f1xx_hal_cortex.o
    0x08001244   0x08001244   0x00000024   Code   RO         1707    i.HAL_NVIC_SetPriorityGrouping  stm32f1xx_hal_cortex.o
    0x08001268   0x08001268   0x0000012c   Code   RO         1398    i.HAL_RCC_ClockConfig  stm32f1xx_hal_rcc.o
    0x08001394   0x08001394   0x00000020   Code   RO         1405    i.HAL_RCC_GetPCLK1Freq  stm32f1xx_hal_rcc.o
    0x080013b4   0x080013b4   0x00000020   Code   RO         1406    i.HAL_RCC_GetPCLK2Freq  stm32f1xx_hal_rcc.o
    0x080013d4   0x080013d4   0x0000004c   Code   RO         1407    i.HAL_RCC_GetSysClockFreq  stm32f1xx_hal_rcc.o
    0x08001420   0x08001420   0x00000320   Code   RO         1410    i.HAL_RCC_OscConfig  stm32f1xx_hal_rcc.o
    0x08001740   0x08001740   0x000000b2   Code   RO         2211    i.HAL_SPI_Init      stm32f1xx_hal_spi.o
    0x080017f2   0x080017f2   0x00000002   PAD
    0x080017f4   0x080017f4   0x0000009c   Code   RO          508    i.HAL_SPI_MspInit   spi.o
    0x08001890   0x08001890   0x0000016e   Code   RO         2219    i.HAL_SPI_Transmit  stm32f1xx_hal_spi.o
    0x080019fe   0x080019fe   0x00000028   Code   RO         1711    i.HAL_SYSTICK_Config  stm32f1xx_hal_cortex.o
    0x08001a26   0x08001a26   0x00000002   PAD
    0x08001a28   0x08001a28   0x00000068   Code   RO         3247    i.HAL_TIMEx_MasterConfigSynchronization  stm32f1xx_hal_tim_ex.o
    0x08001a90   0x08001a90   0x0000005a   Code   RO         2524    i.HAL_TIM_Base_Init  stm32f1xx_hal_tim.o
    0x08001aea   0x08001aea   0x00000002   PAD
    0x08001aec   0x08001aec   0x00000024   Code   RO          556    i.HAL_TIM_Base_MspInit  tim.o
    0x08001b10   0x08001b10   0x000000dc   Code   RO         2533    i.HAL_TIM_ConfigClockSource  stm32f1xx_hal_tim.o
    0x08001bec   0x08001bec   0x00000064   Code   RO         3525    i.HAL_UART_Init     stm32f1xx_hal_uart.o
    0x08001c50   0x08001c50   0x00000070   Code   RO          598    i.HAL_UART_MspInit  usart.o
    0x08001cc0   0x08001cc0   0x0000009a   Code   RO         3533    i.HAL_UART_Transmit  stm32f1xx_hal_uart.o
    0x08001d5a   0x08001d5a   0x00000002   Code   RO          653    i.HardFault_Handler  stm32f1xx_it.o
    0x08001d5c   0x08001d5c   0x0000002e   Code   RO          840    i.I2C_IsAcknowledgeFailed  stm32f1xx_hal_i2c.o
    0x08001d8a   0x08001d8a   0x00000002   PAD
    0x08001d8c   0x08001d8c   0x000000ec   Code   RO          843    i.I2C_MasterRequestRead  stm32f1xx_hal_i2c.o
    0x08001e78   0x08001e78   0x0000009c   Code   RO          844    i.I2C_MasterRequestWrite  stm32f1xx_hal_i2c.o
    0x08001f14   0x08001f14   0x00000056   Code   RO          855    i.I2C_WaitOnBTFFlagUntilTimeout  stm32f1xx_hal_i2c.o
    0x08001f6a   0x08001f6a   0x00000002   PAD
    0x08001f6c   0x08001f6c   0x00000090   Code   RO          856    i.I2C_WaitOnFlagUntilTimeout  stm32f1xx_hal_i2c.o
    0x08001ffc   0x08001ffc   0x000000bc   Code   RO          857    i.I2C_WaitOnMasterAddressFlagUntilTimeout  stm32f1xx_hal_i2c.o
    0x080020b8   0x080020b8   0x00000070   Code   RO          858    i.I2C_WaitOnRXNEFlagUntilTimeout  stm32f1xx_hal_i2c.o
    0x08002128   0x08002128   0x00000056   Code   RO          859    i.I2C_WaitOnTXEFlagUntilTimeout  stm32f1xx_hal_i2c.o
    0x0800217e   0x0800217e   0x00000002   PAD
    0x08002180   0x08002180   0x000000e8   Code   RO          441    i.MX_GPIO_Init      gpio.o
    0x08002268   0x08002268   0x00000040   Code   RO          467    i.MX_I2C2_Init      i2c.o
    0x080022a8   0x080022a8   0x00000048   Code   RO          509    i.MX_SPI1_Init      spi.o
    0x080022f0   0x080022f0   0x00000048   Code   RO          510    i.MX_SPI2_Init      spi.o
    0x08002338   0x08002338   0x00000064   Code   RO          557    i.MX_TIM2_Init      tim.o
    0x0800239c   0x0800239c   0x00000038   Code   RO          599    i.MX_USART1_UART_Init  usart.o
    0x080023d4   0x080023d4   0x00000002   Code   RO          654    i.MemManage_Handler  stm32f1xx_it.o
    0x080023d6   0x080023d6   0x00000002   Code   RO          655    i.NMI_Handler       stm32f1xx_it.o
    0x080023d8   0x080023d8   0x000000a4   Code   RO         6792    i.Paint_Clear       gui_paint.o
    0x0800247c   0x0800247c   0x00000030   Code   RO         6794    i.Paint_DrawBitMap  gui_paint.o
    0x080024ac   0x080024ac   0x000000f4   Code   RO         6797    i.Paint_DrawChar    gui_paint.o
    0x080025a0   0x080025a0   0x0000010c   Code   RO         6799    i.Paint_DrawLine    gui_paint.o
    0x080026ac   0x080026ac   0x000000d0   Code   RO         6800    i.Paint_DrawNum     gui_paint.o
    0x0800277c   0x0800277c   0x00000144   Code   RO         6802    i.Paint_DrawPoint   gui_paint.o
    0x080028c0   0x080028c0   0x0000007c   Code   RO         6805    i.Paint_DrawString_EN  gui_paint.o
    0x0800293c   0x0800293c   0x0000003c   Code   RO         6807    i.Paint_NewImage    gui_paint.o
    0x08002978   0x08002978   0x0000000c   Code   RO         6808    i.Paint_SelectImage  gui_paint.o
    0x08002984   0x08002984   0x0000011c   Code   RO         6810    i.Paint_SetPixel    gui_paint.o
    0x08002aa0   0x08002aa0   0x00000002   Code   RO          656    i.PendSV_Handler    stm32f1xx_it.o
    0x08002aa2   0x08002aa2   0x00000020   Code   RO         2249    i.SPI_EndRxTxTransaction  stm32f1xx_hal_spi.o
    0x08002ac2   0x08002ac2   0x00000002   PAD
    0x08002ac4   0x08002ac4   0x000000b8   Code   RO         2254    i.SPI_WaitFlagStateUntilTimeout  stm32f1xx_hal_spi.o
    0x08002b7c   0x08002b7c   0x00000002   Code   RO          657    i.SVC_Handler       stm32f1xx_it.o
    0x08002b7e   0x08002b7e   0x00000004   Code   RO          658    i.SysTick_Handler   stm32f1xx_it.o
    0x08002b82   0x08002b82   0x0000005e   Code   RO          396    i.SystemClock_Config  main.o
    0x08002be0   0x08002be0   0x00000002   Code   RO         3859    i.SystemInit        system_stm32f1xx.o
    0x08002be2   0x08002be2   0x00000002   PAD
    0x08002be4   0x08002be4   0x0000006c   Code   RO         2617    i.TIM_Base_SetConfig  stm32f1xx_hal_tim.o
    0x08002c50   0x08002c50   0x00000014   Code   RO         2628    i.TIM_ETR_SetConfig  stm32f1xx_hal_tim.o
    0x08002c64   0x08002c64   0x00000010   Code   RO         2629    i.TIM_ITRx_SetConfig  stm32f1xx_hal_tim.o
    0x08002c74   0x08002c74   0x00000022   Code   RO         2635    i.TIM_TI1_ConfigInputStage  stm32f1xx_hal_tim.o
    0x08002c96   0x08002c96   0x00000024   Code   RO         2637    i.TIM_TI2_ConfigInputStage  stm32f1xx_hal_tim.o
    0x08002cba   0x08002cba   0x00000002   PAD
    0x08002cbc   0x08002cbc   0x000000b8   Code   RO         3551    i.UART_SetConfig    stm32f1xx_hal_uart.o
    0x08002d74   0x08002d74   0x00000078   Code   RO         3554    i.UART_WaitOnFlagUntilTimeout  stm32f1xx_hal_uart.o
    0x08002dec   0x08002dec   0x00000002   Code   RO          659    i.UsageFault_Handler  stm32f1xx_it.o
    0x08002dee   0x08002dee   0x00000002   PAD
    0x08002df0   0x08002df0   0x00000020   Code   RO         7045    i.__0printf$3       mc_w.l(printf3.o)
    0x08002e10   0x08002e10   0x00000028   Code   RO         7047    i.__0sprintf$3      mc_w.l(printf3.o)
    0x08002e38   0x08002e38   0x00000020   Code   RO         1713    i.__NVIC_SetPriority  stm32f1xx_hal_cortex.o
    0x08002e58   0x08002e58   0x0000000e   Code   RO         7305    i.__scatterload_copy  mc_w.l(handlers.o)
    0x08002e66   0x08002e66   0x00000002   Code   RO         7306    i.__scatterload_null  mc_w.l(handlers.o)
    0x08002e68   0x08002e68   0x0000000e   Code   RO         7307    i.__scatterload_zeroinit  mc_w.l(handlers.o)
    0x08002e76   0x08002e76   0x00000002   PAD
    0x08002e78   0x08002e78   0x000001b8   Code   RO         7052    i._printf_core      mc_w.l(printf3.o)
    0x08003030   0x08003030   0x0000000a   Code   RO         7054    i._sputc            mc_w.l(printf3.o)
    0x0800303a   0x0800303a   0x00000002   PAD
    0x0800303c   0x0800303c   0x00000018   Code   RO          601    i.fputc             usart.o
    0x08003054   0x08003054   0x000000dc   Code   RO          397    i.main              main.o
    0x08003130   0x08003130   0x00000032   Code   RO           13    i.sgp30_crc         sgp30.o
    0x08003162   0x08003162   0x00000002   PAD
    0x08003164   0x08003164   0x00000028   Code   RO           14    i.sgp30_init        sgp30.o
    0x0800318c   0x0800318c   0x00000080   Code   RO           15    i.sgp30_read        sgp30.o
    0x0800320c   0x0800320c   0x00003780   Data   RO          225    .constdata          epaper.o
    0x0800698c   0x0800698c   0x00000012   Data   RO         1411    .constdata          stm32f1xx_hal_rcc.o
    0x0800699e   0x0800699e   0x00000010   Data   RO         3860    .constdata          system_stm32f1xx.o
    0x080069ae   0x080069ae   0x00000008   Data   RO         3861    .constdata          system_stm32f1xx.o
    0x080069b6   0x080069b6   0x00001ab8   Data   RO         6761    .constdata          font24.o
    0x0800846e   0x0800846e   0x00000002   PAD
    0x08008470   0x08008470   0x00000044   Data   RO         6814    .conststring        gui_paint.o
    0x080084b4   0x080084b4   0x00000020   Data   RO         7303    Region$$Table       anon$$obj.o


    Execution Region RW_IRAM1 (Exec base: 0x20000000, Load base: 0x080084d4, Size: 0x00004368, Max: 0x00005000, ABSOLUTE)

    Exec Addr    Load Addr    Size         Type   Attr      Idx    E Section Name        Object

    0x20000000   0x080084d4   0x0000000c   Data   RW         1248    .data               stm32f1xx_hal.o
    0x2000000c   0x080084e0   0x00000004   Data   RW         3862    .data               system_stm32f1xx.o
    0x20000010   0x080084e4   0x00000008   Data   RW         6762    .data               font24.o
    0x20000018   0x080084ec   0x00000004   Data   RW         7273    .data               mc_w.l(stdout.o)
    0x2000001c        -       0x000001a0   Zero   RW          224    .bss                epaper.o
    0x200001bc        -       0x00000054   Zero   RW          468    .bss                i2c.o
    0x20000210        -       0x000000b0   Zero   RW          511    .bss                spi.o
    0x200002c0        -       0x00000048   Zero   RW          558    .bss                tim.o
    0x20000308        -       0x00000048   Zero   RW          602    .bss                usart.o
    0x20000350        -       0x00000018   Zero   RW         6813    .bss                gui_paint.o
    0x20000368        -       0x00004000   Zero   RW            1    STACK               startup_stm32f103xb.o


==============================================================================

Image component sizes


      Code (inc. data)   RO Data    RW Data    ZI Data      Debug   Object Name

        84         16          0          0          0        918   dev_config.o
       612         56          0          0          0       5494   dht11.o
       852        166      14208          0        416       5130   epaper.o
       518         86          0          0          0       3580   epd_2in9bc.o
         0          0       6840          8          0       1269   font24.o
       232         18          0          0          0        951   gpio.o
      1736        424         68          0         24      12473   gui_paint.o
       160         28          0          0         84       1549   i2c.o
       318         46          0          0          0       2352   main.o
       218         16          0          0          0     442270   sgp30.o
       300         40          0          0        176       2198   spi.o
        36          8        236          0      16384        784   startup_stm32f103xb.o
       164         28          0         12          0       5741   stm32f1xx_hal.o
       172         14          0          0          0      28178   stm32f1xx_hal_cortex.o
       516         34          0          0          0       4032   stm32f1xx_hal_gpio.o
      2338         54          0          0          0      12338   stm32f1xx_hal_i2c.o
        60          8          0          0          0        834   stm32f1xx_hal_msp.o
      1240         84         18          0          0       4992   stm32f1xx_hal_rcc.o
       760          4          0          0          0       4278   stm32f1xx_hal_spi.o
       524         14          0          0          0       5907   stm32f1xx_hal_tim.o
       104         12          0          0          0       1316   stm32f1xx_hal_tim_ex.o
       558          6          0          0          0       3872   stm32f1xx_hal_uart.o
        20          0          0          0          0       3686   stm32f1xx_it.o
         2          0         24          4          0       1059   system_stm32f1xx.o
       136         10          0          0         72       1546   tim.o
       192         24          0          0         72       2110   usart.o

    ----------------------------------------------------------------------
     11880       1196      21428         24      17228     558857   Object Totals
         0          0         32          0          0          0   (incl. Generated)
        28          0          2          0          0          0   (incl. Padding)

    ----------------------------------------------------------------------

      Code (inc. data)   RO Data    RW Data    ZI Data      Debug   Library Member Name

         0          0          0          0          0          0   entry.o
         0          0          0          0          0          0   entry10a.o
         0          0          0          0          0          0   entry11a.o
         4          0          0          0          0          0   entry12b.o
         8          4          0          0          0          0   entry2.o
         4          0          0          0          0          0   entry5.o
         0          0          0          0          0          0   entry7b.o
         0          0          0          0          0          0   entry8b.o
         8          4          0          0          0          0   entry9a.o
        30          0          0          0          0          0   handlers.o
        36          8          0          0          0         68   init.o
        36          0          0          0          0        108   memseta.o
       522         20          0          0          0        336   printf3.o
         0          0          0          4          0          0   stdout.o
        44          0          0          0          0         80   uidiv.o

    ----------------------------------------------------------------------
       696         36          0          4          0        592   Library Totals
         4          0          0          0          0          0   (incl. Padding)

    ----------------------------------------------------------------------

      Code (inc. data)   RO Data    RW Data    ZI Data      Debug   Library Name

       692         36          0          4          0        592   mc_w.l

    ----------------------------------------------------------------------
       696         36          0          4          0        592   Library Totals

    ----------------------------------------------------------------------

==============================================================================


      Code (inc. data)   RO Data    RW Data    ZI Data      Debug   

     12576       1232      21428         28      17228     554297   Grand Totals
     12576       1232      21428         28      17228     554297   ELF Image Totals
     12576       1232      21428         28          0          0   ROM Totals

==============================================================================

    Total RO  Size (Code + RO Data)                34004 (  33.21kB)
    Total RW  Size (RW Data + ZI Data)             17256 (  16.85kB)
    Total ROM Size (Code + RO Data + RW Data)      34032 (  33.23kB)

==============================================================================

